Archive member included to satisfy reference by file (symbol)

C:/ST/STM32CubeIDE_1.17.0/STM32CubeIDE/plugins/com.st.stm32cube.ide.mcu.externaltools.gnu-tools-for-stm32.12.3.rel1.win32_1.1.0.202410251130/tools/bin/../lib/gcc/arm-none-eabi/12.3.1/../../../../arm-none-eabi/lib/thumb/v7e-m+dp/hard\libc_nano.a(libc_a-exit.o)
                              C:/ST/STM32CubeIDE_1.17.0/STM32CubeIDE/plugins/com.st.stm32cube.ide.mcu.externaltools.gnu-tools-for-stm32.12.3.rel1.win32_1.1.0.202410251130/tools/bin/../lib/gcc/arm-none-eabi/12.3.1/../../../../arm-none-eabi/lib/thumb/v7e-m+dp/hard/crt0.o (exit)
C:/ST/STM32CubeIDE_1.17.0/STM32CubeIDE/plugins/com.st.stm32cube.ide.mcu.externaltools.gnu-tools-for-stm32.12.3.rel1.win32_1.1.0.202410251130/tools/bin/../lib/gcc/arm-none-eabi/12.3.1/../../../../arm-none-eabi/lib/thumb/v7e-m+dp/hard\libc_nano.a(libc_a-findfp.o)
                              C:/ST/STM32CubeIDE_1.17.0/STM32CubeIDE/plugins/com.st.stm32cube.ide.mcu.externaltools.gnu-tools-for-stm32.12.3.rel1.win32_1.1.0.202410251130/tools/bin/../lib/gcc/arm-none-eabi/12.3.1/../../../../arm-none-eabi/lib/thumb/v7e-m+dp/hard\libc_nano.a(libc_a-exit.o) (__stdio_exit_handler)
C:/ST/STM32CubeIDE_1.17.0/STM32CubeIDE/plugins/com.st.stm32cube.ide.mcu.externaltools.gnu-tools-for-stm32.12.3.rel1.win32_1.1.0.202410251130/tools/bin/../lib/gcc/arm-none-eabi/12.3.1/../../../../arm-none-eabi/lib/thumb/v7e-m+dp/hard\libc_nano.a(libc_a-fwalk.o)
                              C:/ST/STM32CubeIDE_1.17.0/STM32CubeIDE/plugins/com.st.stm32cube.ide.mcu.externaltools.gnu-tools-for-stm32.12.3.rel1.win32_1.1.0.202410251130/tools/bin/../lib/gcc/arm-none-eabi/12.3.1/../../../../arm-none-eabi/lib/thumb/v7e-m+dp/hard\libc_nano.a(libc_a-findfp.o) (_fwalk_sglue)
C:/ST/STM32CubeIDE_1.17.0/STM32CubeIDE/plugins/com.st.stm32cube.ide.mcu.externaltools.gnu-tools-for-stm32.12.3.rel1.win32_1.1.0.202410251130/tools/bin/../lib/gcc/arm-none-eabi/12.3.1/../../../../arm-none-eabi/lib/thumb/v7e-m+dp/hard\libc_nano.a(libc_a-stdio.o)
                              C:/ST/STM32CubeIDE_1.17.0/STM32CubeIDE/plugins/com.st.stm32cube.ide.mcu.externaltools.gnu-tools-for-stm32.12.3.rel1.win32_1.1.0.202410251130/tools/bin/../lib/gcc/arm-none-eabi/12.3.1/../../../../arm-none-eabi/lib/thumb/v7e-m+dp/hard\libc_nano.a(libc_a-findfp.o) (__sread)
C:/ST/STM32CubeIDE_1.17.0/STM32CubeIDE/plugins/com.st.stm32cube.ide.mcu.externaltools.gnu-tools-for-stm32.12.3.rel1.win32_1.1.0.202410251130/tools/bin/../lib/gcc/arm-none-eabi/12.3.1/../../../../arm-none-eabi/lib/thumb/v7e-m+dp/hard\libc_nano.a(libc_a-memset.o)
                              C:/ST/STM32CubeIDE_1.17.0/STM32CubeIDE/plugins/com.st.stm32cube.ide.mcu.externaltools.gnu-tools-for-stm32.12.3.rel1.win32_1.1.0.202410251130/tools/bin/../lib/gcc/arm-none-eabi/12.3.1/../../../../arm-none-eabi/lib/thumb/v7e-m+dp/hard/crt0.o (memset)
C:/ST/STM32CubeIDE_1.17.0/STM32CubeIDE/plugins/com.st.stm32cube.ide.mcu.externaltools.gnu-tools-for-stm32.12.3.rel1.win32_1.1.0.202410251130/tools/bin/../lib/gcc/arm-none-eabi/12.3.1/../../../../arm-none-eabi/lib/thumb/v7e-m+dp/hard\libc_nano.a(libc_a-closer.o)
                              C:/ST/STM32CubeIDE_1.17.0/STM32CubeIDE/plugins/com.st.stm32cube.ide.mcu.externaltools.gnu-tools-for-stm32.12.3.rel1.win32_1.1.0.202410251130/tools/bin/../lib/gcc/arm-none-eabi/12.3.1/../../../../arm-none-eabi/lib/thumb/v7e-m+dp/hard\libc_nano.a(libc_a-stdio.o) (_close_r)
C:/ST/STM32CubeIDE_1.17.0/STM32CubeIDE/plugins/com.st.stm32cube.ide.mcu.externaltools.gnu-tools-for-stm32.12.3.rel1.win32_1.1.0.202410251130/tools/bin/../lib/gcc/arm-none-eabi/12.3.1/../../../../arm-none-eabi/lib/thumb/v7e-m+dp/hard\libc_nano.a(libc_a-reent.o)
                              C:/ST/STM32CubeIDE_1.17.0/STM32CubeIDE/plugins/com.st.stm32cube.ide.mcu.externaltools.gnu-tools-for-stm32.12.3.rel1.win32_1.1.0.202410251130/tools/bin/../lib/gcc/arm-none-eabi/12.3.1/../../../../arm-none-eabi/lib/thumb/v7e-m+dp/hard\libc_nano.a(libc_a-closer.o) (errno)
C:/ST/STM32CubeIDE_1.17.0/STM32CubeIDE/plugins/com.st.stm32cube.ide.mcu.externaltools.gnu-tools-for-stm32.12.3.rel1.win32_1.1.0.202410251130/tools/bin/../lib/gcc/arm-none-eabi/12.3.1/../../../../arm-none-eabi/lib/thumb/v7e-m+dp/hard\libc_nano.a(libc_a-impure.o)
                              C:/ST/STM32CubeIDE_1.17.0/STM32CubeIDE/plugins/com.st.stm32cube.ide.mcu.externaltools.gnu-tools-for-stm32.12.3.rel1.win32_1.1.0.202410251130/tools/bin/../lib/gcc/arm-none-eabi/12.3.1/../../../../arm-none-eabi/lib/thumb/v7e-m+dp/hard\libc_nano.a(libc_a-reent.o) (_impure_ptr)
C:/ST/STM32CubeIDE_1.17.0/STM32CubeIDE/plugins/com.st.stm32cube.ide.mcu.externaltools.gnu-tools-for-stm32.12.3.rel1.win32_1.1.0.202410251130/tools/bin/../lib/gcc/arm-none-eabi/12.3.1/../../../../arm-none-eabi/lib/thumb/v7e-m+dp/hard\libc_nano.a(libc_a-lseekr.o)
[...]
Memory Configuration

Name             Origin             Length             Attributes
FLASH            0x08000000         0x00200000         xr
DTCMRAM          0x20000000         0x00020000         xrw
RAM_D1           0x24000000         0x00080000         xrw
RAM_D2           0x30000000         0x00048000         xrw
RAM_D3           0x38000000         0x00010000         xrw
ITCMRAM          0x00000000         0x00010000         xrw
*default*        0x00000000         0xffffffff

Linker script and memory map

LOAD C:/ST/STM32CubeIDE_1.17.0/STM32CubeIDE/plugins/com.st.stm32cube.ide.mcu.externaltools.gnu-tools-for-stm32.12.3.rel1.win32_1.1.0.202410251130/tools/bin/../lib/gcc/arm-none-eabi/12.3.1/thumb/v7e-m+dp/hard/crti.o
LOAD C:/ST/STM32CubeIDE_1.17.0/STM32CubeIDE/plugins/com.st.stm32cube.ide.mcu.externaltools.gnu-tools-for-stm32.12.3.rel1.win32_1.1.0.202410251130/tools/bin/../lib/gcc/arm-none-eabi/12.3.1/thumb/v7e-m+dp/hard/crtbegin.o
LOAD C:/ST/STM32CubeIDE_1.17.0/STM32CubeIDE/plugins/com.st.stm32cube.ide.mcu.externaltools.gnu-tools-for-stm32.12.3.rel1.win32_1.1.0.202410251130/tools/bin/../lib/gcc/arm-none-eabi/12.3.1/../../../../arm-none-eabi/lib/thumb/v7e-m+dp/hard/crt0.o
LOAD ./Core/Src/bsp.o
LOAD ./Core/Src/main.o
LOAD ./Core/Src/philo.o
LOAD ./Core/Src/stm32h7xx_hal_msp.o
LOAD ./Core/Src/syscalls.o
LOAD ./Core/Src/sysmem.o
LOAD ./Core/Src/system_stm32h7xx.o
LOAD ./Core/Src/table.o
LOAD ./Core/Startup/startup_stm32h743zitx.o
LOAD ./Drivers/BSP/STM32H7xx_Nucleo/stm32h7xx_nucleo.o
LOAD ./Drivers/STM32H7xx_HAL_Driver/Src/stm32h7xx_hal.o
LOAD ./Drivers/STM32H7xx_HAL_Driver/Src/stm32h7xx_hal_cortex.o
LOAD ./Drivers/STM32H7xx_HAL_Driver/Src/stm32h7xx_hal_dma.o
LOAD ./Drivers/STM32H7xx_HAL_Driver/Src/stm32h7xx_hal_dma_ex.o
LOAD ./Drivers/STM32H7xx_HAL_Driver/Src/stm32h7xx_hal_exti.o
LOAD ./Drivers/STM32H7xx_HAL_Driver/Src/stm32h7xx_hal_flash.o
LOAD ./Drivers/STM32H7xx_HAL_Driver/Src/stm32h7xx_hal_flash_ex.o
LOAD ./Drivers/STM32H7xx_HAL_Driver/Src/stm32h7xx_hal_gpio.o
LOAD ./Drivers/STM32H7xx_HAL_Driver/Src/stm32h7xx_hal_hsem.o
LOAD ./Drivers/STM32H7xx_HAL_Driver/Src/stm32h7xx_hal_i2c.o
LOAD ./Drivers/STM32H7xx_HAL_Driver/Src/stm32h7xx_hal_i2c_ex.o
LOAD ./Drivers/STM32H7xx_HAL_Driver/Src/stm32h7xx_hal_mdma.o
LOAD ./Drivers/STM32H7xx_HAL_Driver/Src/stm32h7xx_hal_pwr.o
LOAD ./Drivers/STM32H7xx_HAL_Driver/Src/stm32h7xx_hal_pwr_ex.o
LOAD ./Drivers/STM32H7xx_HAL_Driver/Src/stm32h7xx_hal_rcc.o
LOAD ./Drivers/STM32H7xx_HAL_Driver/Src/stm32h7xx_hal_rcc_ex.o
LOAD ./Drivers/STM32H7xx_HAL_Driver/Src/stm32h7xx_hal_uart.o
LOAD ./Drivers/STM32H7xx_HAL_Driver/Src/stm32h7xx_hal_uart_ex.o
LOAD ./Drivers/STM32H7xx_HAL_Driver/Src/stm32h7xx_hal_usart.o
LOAD ./Drivers/STM32H7xx_HAL_Driver/Src/stm32h7xx_hal_usart_ex.o
LOAD ./Frameworks/FreeRTOS-Kernel/croutine.o
LOAD ./Frameworks/FreeRTOS-Kernel/event_groups.o
LOAD ./Frameworks/FreeRTOS-Kernel/list.o
LOAD ./Frameworks/FreeRTOS-Kernel/queue.o
LOAD ./Frameworks/FreeRTOS-Kernel/stream_buffer.o
LOAD ./Frameworks/FreeRTOS-Kernel/tasks.o
LOAD ./Frameworks/FreeRTOS-Kernel/timers.o
LOAD ./Frameworks/FreeRTOS-Kernel/portable/GCC/ARM_CM7/r0p1/port.o
LOAD ./Frameworks/FreeRTOS-Kernel/portable/MemMang/heap_4.o
LOAD ./Frameworks/freertos/qf_port.o
LOAD ./Frameworks/qf/qep_hsm.o
LOAD ./Frameworks/qf/qep_msm.o
LOAD ./Frameworks/qf/qf_act.o
LOAD ./Frameworks/qf/qf_defer.o
LOAD ./Frameworks/qf/qf_dyn.o
LOAD ./Frameworks/qf/qf_mem.o
LOAD ./Frameworks/qf/qf_ps.o
LOAD ./Frameworks/qf/qf_qact.o
LOAD ./Frameworks/qf/qf_qeq.o
LOAD ./Frameworks/qf/qf_qmact.o
LOAD ./Frameworks/qf/qf_time.o
LOAD ./Frameworks/qs/qstamp.o
START GROUP
LOAD C:/ST/STM32CubeIDE_1.17.0/STM32CubeIDE/plugins/com.st.stm32cube.ide.mcu.externaltools.gnu-tools-for-stm32.12.3.rel1.win32_1.1.0.202410251130/tools/bin/../lib/gcc/arm-none-eabi/12.3.1/../../../../arm-none-eabi/lib/thumb/v7e-m+dp/hard\libc_nano.a
LOAD C:/ST/STM32CubeIDE_1.17.0/STM32CubeIDE/plugins/com.st.stm32cube.ide.mcu.externaltools.gnu-tools-for-stm32.12.3.rel1.win32_1.1.0.202410251130/tools/bin/../lib/gcc/arm-none-eabi/12.3.1/../../../../arm-none-eabi/lib/thumb/v7e-m+dp/hard\libm.a
END GROUP
START GROUP
LOAD C:/ST/STM32CubeIDE_1.17.0/STM32CubeIDE/plugins/com.st.stm32cube.ide.mcu.externaltools.gnu-tools-for-stm32.12.3.rel1.win32_1.1.0.202410251130/tools/bin/../lib/gcc/arm-none-eabi/12.3.1/thumb/v7e-m+dp/hard\libgcc.a
LOAD C:/ST/STM32CubeIDE_1.17.0/STM32CubeIDE/plugins/com.st.stm32cube.ide.mcu.externaltools.gnu-tools-for-stm32.12.3.rel1.win32_1.1.0.202410251130/tools/bin/../lib/gcc/arm-none-eabi/12.3.1/../../../../arm-none-eabi/lib/thumb/v7e-m+dp/hard\libc_nano.a
END GROUP
START GROUP
LOAD C:/ST/STM32CubeIDE_1.17.0/STM32CubeIDE/plugins/com.st.stm32cube.ide.mcu.externaltools.gnu-tools-for-stm32.12.3.rel1.win32_1.1.0.202410251130/tools/bin/../lib/gcc/arm-none-eabi/12.3.1/thumb/v7e-m+dp/hard\libgcc.a
LOAD C:/ST/STM32CubeIDE_1.17.0/STM32CubeIDE/plugins/com.st.stm32cube.ide.mcu.externaltools.gnu-tools-for-stm32.12.3.rel1.win32_1.1.0.202410251130/tools/bin/../lib/gcc/arm-none-eabi/12.3.1/../../../../arm-none-eabi/lib/thumb/v7e-m+dp/hard\libc_nano.a
LOAD C:/ST/STM32CubeIDE_1.17.0/STM32CubeIDE/plugins/com.st.stm32cube.ide.mcu.externaltools.gnu-tools-for-stm32.12.3.rel1.win32_1.1.0.202410251130/tools/bin/../lib/gcc/arm-none-eabi/12.3.1/../../../../arm-none-eabi/lib/thumb/v7e-m+dp/hard\libnosys.a
END GROUP
START GROUP
LOAD C:/ST/STM32CubeIDE_1.17.0/STM32CubeIDE/plugins/com.st.stm32cube.ide.mcu.externaltools.gnu-tools-for-stm32.12.3.rel1.win32_1.1.0.202410251130/tools/bin/../lib/gcc/arm-none-eabi/12.3.1/thumb/v7e-m+dp/hard\libgcc.a
LOAD C:/ST/STM32CubeIDE_1.17.0/STM32CubeIDE/plugins/com.st.stm32cube.ide.mcu.externaltools.gnu-tools-for-stm32.12.3.rel1.win32_1.1.0.202410251130/tools/bin/../lib/gcc/arm-none-eabi/12.3.1/../../../../arm-none-eabi/lib/thumb/v7e-m+dp/hard\libc_nano.a
LOAD C:/ST/STM32CubeIDE_1.17.0/STM32CubeIDE/plugins/com.st.stm32cube.ide.mcu.externaltools.gnu-tools-for-stm32.12.3.rel1.win32_1.1.0.202410251130/tools/bin/../lib/gcc/arm-none-eabi/12.3.1/../../../../arm-none-eabi/lib/thumb/v7e-m+dp/hard\libnosys.a
END GROUP
LOAD C:/ST/STM32CubeIDE_1.17.0/STM32CubeIDE/plugins/com.st.stm32cube.ide.mcu.externaltools.gnu-tools-for-stm32.12.3.rel1.win32_1.1.0.202410251130/tools/bin/../lib/gcc/arm-none-eabi/12.3.1/thumb/v7e-m+dp/hard/crtend.o
LOAD C:/ST/STM32CubeIDE_1.17.0/STM32CubeIDE/plugins/com.st.stm32cube.ide.mcu.externaltools.gnu-tools-for-stm32.12.3.rel1.win32_1.1.0.202410251130/tools/bin/../lib/gcc/arm-none-eabi/12.3.1/thumb/v7e-m+dp/hard/crtn.o
                0x24080000                        _estack = (ORIGIN (RAM_D1) + LENGTH (RAM_D1))
                0x00000200                        _Min_Heap_Size = 0x200
                0x00000400                        _Min_Stack_Size = 0x400

.isr_vector     0x08000000      0x298
                0x08000000                        . = ALIGN (0x4)
 *(.isr_vector)
 .isr_vector    0x08000000      0x298 ./Core/Startup/startup_stm32h743zitx.o
                0x08000000                g_pfnVectors
                0x08000298                        . = ALIGN (0x4)

.text           0x080002a0     0x5f20
                0x080002a0                        . = ALIGN (0x4)
 *(.text)
 .text          0x080002a0       0x40 C:/ST/STM32CubeIDE_1.17.0/STM32CubeIDE/plugins/com.st.stm32cube.ide.mcu.externaltools.gnu-tools-for-stm32.12.3.rel1.win32_1.1.0.202410251130/tools/bin/../lib/gcc/arm-none-eabi/12.3.1/thumb/v7e-m+dp/hard/crtbegin.o
 *(.text*)
 .text.__NVIC_SetPriorityGrouping
                0x080002e0       0x48 ./Core/Src/bsp.o
 .text.__NVIC_EnableIRQ
                0x08000328       0x3c ./Core/Src/bsp.o
 .text.__NVIC_SetPriority
                0x08000364       0x54 ./Core/Src/bsp.o
 .text.Q_onError
                0x080003b8       0x14 ./Core/Src/bsp.o
                0x080003b8                Q_onError
 .text.assert_failed
                0x080003cc       0x12 ./Core/Src/bsp.o
                0x080003cc                assert_failed
 *fill*         0x080003de        0x2 
 .text.EXTI0_IRQHandler
                0x080003e0       0x54 ./Core/Src/bsp.o
                0x080003e0                EXTI0_IRQHandler
 .text.vApplicationTickHook
                0x08000434       0xb4 ./Core/Src/bsp.o
                0x08000434                vApplicationTickHook
 .text.vApplicationIdleHook
                0x080004e8       0x60 ./Core/Src/bsp.o
                0x080004e8                vApplicationIdleHook
 .text.vApplicationStackOverflowHook
                0x08000548       0x1c ./Core/Src/bsp.o
                0x08000548                vApplicationStackOverflowHook
 .text.vApplicationGetIdleTaskMemory
                0x08000564       0x34 ./Core/Src/bsp.o
                0x08000564                vApplicationGetIdleTaskMemory
 .text.BSP_init
                0x08000598      0x12c ./Core/Src/bsp.o
                0x08000598                BSP_init
 .text.BSP_start
                0x080006c4       0xe4 ./Core/Src/bsp.o
                0x080006c4                BSP_start
 .text.BSP_displayPhilStat
                0x080007a8       0x2a ./Core/Src/bsp.o
                0x080007a8                BSP_displayPhilStat
 .text.BSP_displayPaused
                0x080007d2       0x26 ./Core/Src/bsp.o
                0x080007d2                BSP_displayPaused
 .text.BSP_randomSeed
                0x080007f8       0x20 ./Core/Src/bsp.o
                0x080007f8                BSP_randomSeed
 .text.BSP_random
                0x08000818       0x60 ./Core/Src/bsp.o
                0x08000818                BSP_random
 .text.QF_onStartup
                0x08000878       0x2e ./Core/Src/bsp.o
                0x08000878                QF_onStartup
 .text.main     0x080008a6       0x1a ./Core/Src/main.o
                0x080008a6                main
 .text.TableEvt_init
                0x080008c0       0x26 ./Core/Src/philo.o
 *fill*         0x080008e6        0x2 
 .text.think_time
                0x080008e8       0x28 ./Core/Src/philo.o
 .text.eat_time
                0x08000910       0x28 ./Core/Src/philo.o
 .text.Philo_ctor
                0x08000938       0x4c ./Core/Src/philo.o
                0x08000938                Philo_ctor
 .text.Philo_initial
                0x08000984       0x34 ./Core/Src/philo.o
 .text.Philo_thinking
                0x080009b8       0xc8 ./Core/Src/philo.o
 .text.Philo_hungry
                0x08000a80       0xc0 ./Core/Src/philo.o
 .text.Philo_eating
                0x08000b40       0xec ./Core/Src/philo.o
 .text.SystemInit
                0x08000c2c      0x140 ./Core/Src/system_stm32h7xx.o
                0x08000c2c                SystemInit
 .text.SystemCoreClockUpdate
                0x08000d6c      0x2f4 ./Core/Src/system_stm32h7xx.o
                0x08000d6c                SystemCoreClockUpdate
 .text.ExitRun0Mode
                0x08001060       0x30 ./Core/Src/system_stm32h7xx.o
                0x08001060                ExitRun0Mode
 .text.TableEvt_init
                0x08001090       0x26 ./Core/Src/table.o
 *fill*         0x080010b6        0x2 
 .text.right    0x080010b8       0x30 ./Core/Src/table.o
 .text.left     0x080010e8       0x30 ./Core/Src/table.o
 .text.Table_ctor
                0x08001118       0x50 ./Core/Src/table.o
                0x08001118                Table_ctor
 .text.Table_initial
                0x08001168       0x80 ./Core/Src/table.o
 .text.Table_active
                0x080011e8       0x48 ./Core/Src/table.o
 .text.Table_serving
                0x08001230      0x388 ./Core/Src/table.o
 .text.Table_paused
                0x080015b8      0x16c ./Core/Src/table.o
 .text.Reset_Handler
                0x08001724       0x54 ./Core/Startup/startup_stm32h743zitx.o
                0x08001724                Reset_Handler
 .text.Default_Handler
                0x08001778        0x2 ./Core/Startup/startup_stm32h743zitx.o
                0x08001778                RTC_Alarm_IRQHandler
                0x08001778                EXTI2_IRQHandler
                0x08001778                TIM8_CC_IRQHandler
                0x08001778                HRTIM1_Master_IRQHandler
                0x08001778                DebugMon_Handler
                0x08001778                UART8_IRQHandler
                0x08001778                SPI4_IRQHandler
                0x08001778                TIM1_CC_IRQHandler
                0x08001778                BDMA_Channel6_IRQHandler
                0x08001778                DMA2_Stream5_IRQHandler
                0x08001778                HardFault_Handler
                0x08001778                HRTIM1_FLT_IRQHandler
                0x08001778                JPEG_IRQHandler
                0x08001778                DMA1_Stream5_IRQHandler
                0x08001778                BDMA_Channel1_IRQHandler
                0x08001778                HRTIM1_TIMD_IRQHandler
                0x08001778                TAMP_STAMP_IRQHandler
                0x08001778                NMI_Handler
                0x08001778                EXTI3_IRQHandler
                0x08001778                LPTIM4_IRQHandler
                0x08001778                TIM8_TRG_COM_TIM14_IRQHandler
                0x08001778                LPTIM2_IRQHandler
                0x08001778                DFSDM1_FLT1_IRQHandler
                0x08001778                DMAMUX2_OVR_IRQHandler
                0x08001778                TIM8_UP_TIM13_IRQHandler
                0x08001778                I2C3_ER_IRQHandler
                0x08001778                DFSDM1_FLT2_IRQHandler
                0x08001778                MDMA_IRQHandler
                0x08001778                LPTIM3_IRQHandler
                0x08001778                HSEM1_IRQHandler
                0x08001778                I2C2_EV_IRQHandler
                0x08001778                DMA1_Stream2_IRQHandler
                0x08001778                FPU_IRQHandler
                0x08001778                OTG_HS_WKUP_IRQHandler
                0x08001778                FDCAN1_IT1_IRQHandler
                0x08001778                UsageFault_Handler
                0x08001778                LTDC_ER_IRQHandler
                0x08001778                DMA2_Stream2_IRQHandler
                0x08001778                HRTIM1_TIME_IRQHandler
                0x08001778                SPI1_IRQHandler
                0x08001778                TIM6_DAC_IRQHandler
                0x08001778                DCMI_IRQHandler
                0x08001778                HRTIM1_TIMC_IRQHandler
                0x08001778                DMA2_Stream3_IRQHandler
                0x08001778                SAI2_IRQHandler
                0x08001778                DFSDM1_FLT3_IRQHandler
                0x08001778                USART6_IRQHandler
                0x08001778                TIM17_IRQHandler
                0x08001778                USART3_IRQHandler
                0x08001778                BDMA_Channel7_IRQHandler
                0x08001778                LPTIM5_IRQHandler
                0x08001778                UART5_IRQHandler
                0x08001778                ADC3_IRQHandler
                0x08001778                DMA2_Stream0_IRQHandler
                0x08001778                TIM4_IRQHandler
                0x08001778                BDMA_Channel2_IRQHandler
                0x08001778                QUADSPI_IRQHandler
                0x08001778                I2C1_EV_IRQHandler
                0x08001778                DMA1_Stream6_IRQHandler
                0x08001778                DMAMUX1_OVR_IRQHandler
                0x08001778                DMA1_Stream1_IRQHandler
                0x08001778                TIM16_IRQHandler
                0x08001778                UART4_IRQHandler
                0x08001778                BDMA_Channel5_IRQHandler
                0x08001778                TIM3_IRQHandler
                0x08001778                RCC_IRQHandler
                0x08001778                TIM8_BRK_TIM12_IRQHandler
                0x08001778                TIM1_TRG_COM_IRQHandler
                0x08001778                Default_Handler
                0x08001778                ECC_IRQHandler
                0x08001778                CEC_IRQHandler
                0x08001778                EXTI15_10_IRQHandler
                0x08001778                BDMA_Channel0_IRQHandler
                0x08001778                ADC_IRQHandler
                0x08001778                DMA1_Stream7_IRQHandler
                0x08001778                HRTIM1_TIMA_IRQHandler
                0x08001778                SPI5_IRQHandler
                0x08001778                TIM7_IRQHandler
                0x08001778                SDMMC1_IRQHandler
                0x08001778                TIM5_IRQHandler
                0x08001778                DMA2_Stream7_IRQHandler
                0x08001778                TIM15_IRQHandler
                0x08001778                PVD_AVD_IRQHandler
                0x08001778                I2C3_EV_IRQHandler
                0x08001778                EXTI9_5_IRQHandler
                0x08001778                RTC_WKUP_IRQHandler
                0x08001778                LTDC_IRQHandler
                0x08001778                SAI3_IRQHandler
                0x08001778                ETH_WKUP_IRQHandler
                0x08001778                SPDIF_RX_IRQHandler
                0x08001778                SPI2_IRQHandler
                0x08001778                OTG_HS_EP1_IN_IRQHandler
                0x08001778                MemManage_Handler
                0x08001778                DMA1_Stream0_IRQHandler
                0x08001778                CRS_IRQHandler
                0x08001778                EXTI4_IRQHandler
                0x08001778                RNG_IRQHandler
                0x08001778                HRTIM1_TIMB_IRQHandler
                0x08001778                FDCAN2_IT1_IRQHandler
                0x08001778                ETH_IRQHandler
                0x08001778                TIM1_UP_IRQHandler
                0x08001778                BDMA_Channel4_IRQHandler
                0x08001778                OTG_HS_EP1_OUT_IRQHandler
                0x08001778                WWDG_IRQHandler
                0x08001778                SPI6_IRQHandler
                0x08001778                MDIOS_IRQHandler
                0x08001778                I2C4_EV_IRQHandler
                0x08001778                FDCAN2_IT0_IRQHandler
                0x08001778                LPUART1_IRQHandler
                0x08001778                FDCAN1_IT0_IRQHandler
                0x08001778                TIM2_IRQHandler
                0x08001778                OTG_FS_WKUP_IRQHandler
                0x08001778                OTG_HS_IRQHandler
                0x08001778                DMA2D_IRQHandler
                0x08001778                TIM1_BRK_IRQHandler
                0x08001778                EXTI1_IRQHandler
                0x08001778                SDMMC2_IRQHandler
                0x08001778                OTG_FS_EP1_OUT_IRQHandler
                0x08001778                BDMA_Channel3_IRQHandler
                0x08001778                UART7_IRQHandler
                0x08001778                MDIOS_WKUP_IRQHandler
                0x08001778                USART2_IRQHandler
                0x08001778                DFSDM1_FLT0_IRQHandler
                0x08001778                SAI4_IRQHandler
                0x08001778                I2C2_ER_IRQHandler
                0x08001778                DMA2_Stream1_IRQHandler
                0x08001778                FLASH_IRQHandler
                0x08001778                DMA2_Stream4_IRQHandler
                0x08001778                BusFault_Handler
                0x08001778                USART1_IRQHandler
                0x08001778                OTG_FS_IRQHandler
                0x08001778                SPI3_IRQHandler
                0x08001778                WAKEUP_PIN_IRQHandler
                0x08001778                DMA1_Stream4_IRQHandler
                0x08001778                OTG_FS_EP1_IN_IRQHandler
                0x08001778                I2C1_ER_IRQHandler
                0x08001778                FMC_IRQHandler
                0x08001778                FDCAN_CAL_IRQHandler
                0x08001778                SWPMI1_IRQHandler
                0x08001778                COMP1_IRQHandler
                0x08001778                LPTIM1_IRQHandler
                0x08001778                I2C4_ER_IRQHandler
                0x08001778                DMA2_Stream6_IRQHandler
                0x08001778                SAI1_IRQHandler
                0x08001778                DMA1_Stream3_IRQHandler
 *fill*         0x0800177a        0x2 
 .text.BSP_LED_Init
                0x0800177c       0xec ./Drivers/BSP/STM32H7xx_Nucleo/stm32h7xx_nucleo.o
                0x0800177c                BSP_LED_Init
 .text.BSP_LED_On
                0x08001868       0x54 ./Drivers/BSP/STM32H7xx_Nucleo/stm32h7xx_nucleo.o
                0x08001868                BSP_LED_On
 .text.BSP_LED_Off
                0x080018bc       0x54 ./Drivers/BSP/STM32H7xx_Nucleo/stm32h7xx_nucleo.o
                0x080018bc                BSP_LED_Off
 .text.BSP_PB_Init
                0x08001910       0xe4 ./Drivers/BSP/STM32H7xx_Nucleo/stm32h7xx_nucleo.o
                0x08001910                BSP_PB_Init
 .text.BSP_PB_GetState
                0x080019f4       0x2c ./Drivers/BSP/STM32H7xx_Nucleo/stm32h7xx_nucleo.o
                0x080019f4                BSP_PB_GetState
 .text.BSP_PB_Callback
                0x08001a20       0x16 ./Drivers/BSP/STM32H7xx_Nucleo/stm32h7xx_nucleo.o
                0x08001a20                BSP_PB_Callback
 .text.BUTTON_USER_EXTI_Callback
                0x08001a36        0xe ./Drivers/BSP/STM32H7xx_Nucleo/stm32h7xx_nucleo.o
 .text.__NVIC_GetPriorityGrouping
                0x08001a44       0x1c ./Drivers/STM32H7xx_HAL_Driver/Src/stm32h7xx_hal_cortex.o
 .text.__NVIC_EnableIRQ
                0x08001a60       0x3c ./Drivers/STM32H7xx_HAL_Driver/Src/stm32h7xx_hal_cortex.o
 .text.__NVIC_SetPriority
                0x08001a9c       0x54 ./Drivers/STM32H7xx_HAL_Driver/Src/stm32h7xx_hal_cortex.o
 .text.NVIC_EncodePriority
                0x08001af0       0x66 ./Drivers/STM32H7xx_HAL_Driver/Src/stm32h7xx_hal_cortex.o
 .text.HAL_NVIC_SetPriority
                0x08001b56       0x34 ./Drivers/STM32H7xx_HAL_Driver/Src/stm32h7xx_hal_cortex.o
                0x08001b56                HAL_NVIC_SetPriority
 .text.HAL_NVIC_EnableIRQ
                0x08001b8a       0x1c ./Drivers/STM32H7xx_HAL_Driver/Src/stm32h7xx_hal_cortex.o
                0x08001b8a                HAL_NVIC_EnableIRQ
 .text.HAL_EXTI_RegisterCallback
                0x08001ba6       0x3e ./Drivers/STM32H7xx_HAL_Driver/Src/stm32h7xx_hal_exti.o
                0x08001ba6                HAL_EXTI_RegisterCallback
 .text.HAL_EXTI_GetHandle
                0x08001be4       0x28 ./Drivers/STM32H7xx_HAL_Driver/Src/stm32h7xx_hal_exti.o
                0x08001be4                HAL_EXTI_GetHandle
 .text.HAL_GPIO_Init
                0x08001c0c      0x360 ./Drivers/STM32H7xx_HAL_Driver/Src/stm32h7xx_hal_gpio.o
                0x08001c0c                HAL_GPIO_Init
 .text.HAL_GPIO_ReadPin
                0x08001f6c       0x30 ./Drivers/STM32H7xx_HAL_Driver/Src/stm32h7xx_hal_gpio.o
                0x08001f6c                HAL_GPIO_ReadPin
 .text.HAL_GPIO_WritePin
                0x08001f9c       0x32 ./Drivers/STM32H7xx_HAL_Driver/Src/stm32h7xx_hal_gpio.o
                0x08001f9c                HAL_GPIO_WritePin
 .text.vListInitialise
                0x08001fce       0x40 ./Frameworks/FreeRTOS-Kernel/list.o
                0x08001fce                vListInitialise
 .text.vListInitialiseItem
                0x0800200e       0x1a ./Frameworks/FreeRTOS-Kernel/list.o
                0x0800200e                vListInitialiseItem
 .text.vListInsert
                0x08002028       0x72 ./Frameworks/FreeRTOS-Kernel/list.o
                0x08002028                vListInsert
 .text.uxListRemove
                0x0800209a       0x54 ./Frameworks/FreeRTOS-Kernel/list.o
                0x0800209a                uxListRemove
 *fill*         0x080020ee        0x2 
 .text.xQueueGenericReset
                0x080020f0      0x10c ./Frameworks/FreeRTOS-Kernel/queue.o
                0x080020f0                xQueueGenericReset
 .text.xQueueGenericCreateStatic
                0x080021fc       0x9c ./Frameworks/FreeRTOS-Kernel/queue.o
                0x080021fc                xQueueGenericCreateStatic
 .text.prvInitialiseNewQueue
                0x08002298       0x3e ./Frameworks/FreeRTOS-Kernel/queue.o
 *fill*         0x080022d6        0x2 
 .text.xQueueGenericSend
                0x080022d8      0x1d0 ./Frameworks/FreeRTOS-Kernel/queue.o
                0x080022d8                xQueueGenericSend
 .text.xQueueGenericSendFromISR
                0x080024a8      0x13c ./Frameworks/FreeRTOS-Kernel/queue.o
                0x080024a8                xQueueGenericSendFromISR
 .text.xQueueReceive
                0x080025e4      0x1a0 ./Frameworks/FreeRTOS-Kernel/queue.o
                0x080025e4                xQueueReceive
 .text.prvCopyDataToQueue
                0x08002784       0xd4 ./Frameworks/FreeRTOS-Kernel/queue.o
 .text.prvCopyDataFromQueue
                0x08002858       0x4c ./Frameworks/FreeRTOS-Kernel/queue.o
 .text.prvUnlockQueue
                0x080028a4       0xa4 ./Frameworks/FreeRTOS-Kernel/queue.o
 .text.prvIsQueueEmpty
                0x08002948       0x2c ./Frameworks/FreeRTOS-Kernel/queue.o
 .text.prvIsQueueFull
                0x08002974       0x30 ./Frameworks/FreeRTOS-Kernel/queue.o
 .text.xTaskCreateStatic
                0x080029a4       0xa4 ./Frameworks/FreeRTOS-Kernel/tasks.o
                0x080029a4                xTaskCreateStatic
 .text.prvInitialiseNewTask
                0x08002a48      0x108 ./Frameworks/FreeRTOS-Kernel/tasks.o
 .text.prvAddNewTaskToReadyList
                0x08002b50      0x124 ./Frameworks/FreeRTOS-Kernel/tasks.o
 .text.vTaskStartScheduler
                0x08002c74       0xc8 ./Frameworks/FreeRTOS-Kernel/tasks.o
                0x08002c74                vTaskStartScheduler
 .text.vTaskSuspendAll
                0x08002d3c       0x1c ./Frameworks/FreeRTOS-Kernel/tasks.o
                0x08002d3c                vTaskSuspendAll
 .text.xTaskResumeAll
                0x08002d58      0x1f0 ./Frameworks/FreeRTOS-Kernel/tasks.o
                0x08002d58                xTaskResumeAll
 .text.uxTaskGetNumberOfTasks
                0x08002f48       0x18 ./Frameworks/FreeRTOS-Kernel/tasks.o
                0x08002f48                uxTaskGetNumberOfTasks
 .text.xTaskIncrementTick
                0x08002f60      0x234 ./Frameworks/FreeRTOS-Kernel/tasks.o
                0x08002f60                xTaskIncrementTick
 .text.vTaskSwitchContext
                0x08003194       0xf8 ./Frameworks/FreeRTOS-Kernel/tasks.o
                0x08003194                vTaskSwitchContext
 .text.vTaskPlaceOnEventList
                0x0800328c       0x40 ./Frameworks/FreeRTOS-Kernel/tasks.o
                0x0800328c                vTaskPlaceOnEventList
 .text.xTaskRemoveFromEventList
                0x080032cc      0x1a0 ./Frameworks/FreeRTOS-Kernel/tasks.o
                0x080032cc                xTaskRemoveFromEventList
 .text.vTaskInternalSetTimeOutState
                0x0800346c       0x2c ./Frameworks/FreeRTOS-Kernel/tasks.o
                0x0800346c                vTaskInternalSetTimeOutState
 .text.xTaskCheckForTimeOut
                0x08003498       0xa8 ./Frameworks/FreeRTOS-Kernel/tasks.o
                0x08003498                xTaskCheckForTimeOut
 .text.vTaskMissedYield
                0x08003540       0x18 ./Frameworks/FreeRTOS-Kernel/tasks.o
                0x08003540                vTaskMissedYield
 .text.prvIdleTask
                0x08003558       0x14 ./Frameworks/FreeRTOS-Kernel/tasks.o
 .text.prvInitialiseTaskLists
                0x0800356c       0x74 ./Frameworks/FreeRTOS-Kernel/tasks.o
 .text.prvCheckTasksWaitingTermination
                0x080035e0       0x5c ./Frameworks/FreeRTOS-Kernel/tasks.o
 .text.prvDeleteTCB
                0x0800363c       0x58 ./Frameworks/FreeRTOS-Kernel/tasks.o
 .text.prvResetNextTaskUnblockTime
                0x08003694       0x38 ./Frameworks/FreeRTOS-Kernel/tasks.o
 .text.xTaskGetSchedulerState
                0x080036cc       0x3c ./Frameworks/FreeRTOS-Kernel/tasks.o
                0x080036cc                xTaskGetSchedulerState
 .text.xTaskPriorityDisinherit
                0x08003708      0x130 ./Frameworks/FreeRTOS-Kernel/tasks.o
                0x08003708                xTaskPriorityDisinherit
 .text.prvAddCurrentTaskToDelayedList
                0x08003838       0xa8 ./Frameworks/FreeRTOS-Kernel/tasks.o
 .text.pxPortInitialiseStack
                0x080038e0       0x68 ./Frameworks/FreeRTOS-Kernel/portable/GCC/ARM_CM7/r0p1/port.o
                0x080038e0                pxPortInitialiseStack
 .text.prvTaskExitError
                0x08003948       0x50 ./Frameworks/FreeRTOS-Kernel/portable/GCC/ARM_CM7/r0p1/port.o
 *fill*         0x08003998        0x8 
 .text.SVC_Handler
                0x080039a0       0x28 ./Frameworks/FreeRTOS-Kernel/portable/GCC/ARM_CM7/r0p1/port.o
                0x080039a0                SVC_Handler
 .text.prvPortStartFirstTask
                0x080039c8       0x2c ./Frameworks/FreeRTOS-Kernel/portable/GCC/ARM_CM7/r0p1/port.o
 .text.xPortStartScheduler
                0x080039f4      0x114 ./Frameworks/FreeRTOS-Kernel/portable/GCC/ARM_CM7/r0p1/port.o
                0x080039f4                xPortStartScheduler
 .text.vPortEnterCritical
                0x08003b08       0x58 ./Frameworks/FreeRTOS-Kernel/portable/GCC/ARM_CM7/r0p1/port.o
                0x08003b08                vPortEnterCritical
 .text.vPortExitCritical
                0x08003b60       0x48 ./Frameworks/FreeRTOS-Kernel/portable/GCC/ARM_CM7/r0p1/port.o
                0x08003b60                vPortExitCritical
 *fill*         0x08003ba8        0x8 
 .text.PendSV_Handler
                0x08003bb0       0x68 ./Frameworks/FreeRTOS-Kernel/portable/GCC/ARM_CM7/r0p1/port.o
                0x08003bb0                PendSV_Handler
 .text.SysTick_Handler
                0x08003c18       0x48 ./Frameworks/FreeRTOS-Kernel/portable/GCC/ARM_CM7/r0p1/port.o
                0x08003c18                SysTick_Handler
 .text.vPortSetupTimerInterrupt
                0x08003c60       0x48 ./Frameworks/FreeRTOS-Kernel/portable/GCC/ARM_CM7/r0p1/port.o
                0x08003c60                vPortSetupTimerInterrupt
 .text.vPortEnableVFP
                0x08003ca8       0x18 ./Frameworks/FreeRTOS-Kernel/portable/GCC/ARM_CM7/r0p1/port.o
 .text.vPortValidateInterruptPriority
                0x08003cc0       0x68 ./Frameworks/FreeRTOS-Kernel/portable/GCC/ARM_CM7/r0p1/port.o
                0x08003cc0                vPortValidateInterruptPriority
 .text.vPortFree
                0x08003d28       0xa4 ./Frameworks/FreeRTOS-Kernel/portable/MemMang/heap_4.o
                0x08003d28                vPortFree
 .text.prvInsertBlockIntoFreeList
                0x08003dcc       0xb4 ./Frameworks/FreeRTOS-Kernel/portable/MemMang/heap_4.o
 .text.QEvt_verify_
                0x08003e80       0x3e ./Frameworks/freertos/qf_port.o
 .text.QEvt_getPoolNum_
                0x08003ebe       0x1c ./Frameworks/freertos/qf_port.o
 .text.QPSet_notEmpty
                0x08003eda       0x22 ./Frameworks/freertos/qf_port.o
 .text.QPSet_remove
                0x08003efc       0x2c ./Frameworks/freertos/qf_port.o
 .text.QPSet_findMax
                0x08003f28       0x1c ./Frameworks/freertos/qf_port.o
 .text.QPSet_verify_
                0x08003f44       0x2a ./Frameworks/freertos/qf_port.o
 .text.QEvt_refCtr_inc_
                0x08003f6e       0x42 ./Frameworks/freertos/qf_port.o
 .text.QEvt_refCtr_dec_
                0x08003fb0       0x42 ./Frameworks/freertos/qf_port.o
 *fill*         0x08003ff2        0x2 
 .text.QF_init  0x08003ff4       0x24 ./Frameworks/freertos/qf_port.o
                0x08003ff4                QF_init
 .text.QF_run   0x08004018       0x1c ./Frameworks/freertos/qf_port.o
                0x08004018                QF_run
 .text.task_function
                0x08004034       0x2c ./Frameworks/freertos/qf_port.o
 .text.QActive_start
                0x08004060      0x100 ./Frameworks/freertos/qf_port.o
                0x08004060                QActive_start
 .text.QActive_setAttr
                0x08004160       0x40 ./Frameworks/freertos/qf_port.o
                0x08004160                QActive_setAttr
 .text.QActive_post_
                0x080041a0       0xd8 ./Frameworks/freertos/qf_port.o
                0x080041a0                QActive_post_
 .text.QActive_get_
                0x08004278       0x26 ./Frameworks/freertos/qf_port.o
                0x08004278                QActive_get_
 *fill*         0x0800429e        0x2 
 .text.QActive_postFromISR_
                0x080042a0      0x144 ./Frameworks/freertos/qf_port.o
                0x080042a0                QActive_postFromISR_
 .text.QActive_publishFromISR_
                0x080043e4      0x190 ./Frameworks/freertos/qf_port.o
                0x080043e4                QActive_publishFromISR_
 .text.QTimeEvt_tickFromISR_
                0x08004574      0x268 ./Frameworks/freertos/qf_port.o
                0x08004574                QTimeEvt_tickFromISR_
 .text.QF_newXFromISR_
                0x080047dc      0x12c ./Frameworks/freertos/qf_port.o
                0x080047dc                QF_newXFromISR_
 .text.QF_gcFromISR
                0x08004908       0xd8 ./Frameworks/freertos/qf_port.o
                0x08004908                QF_gcFromISR
 .text.QMPool_getFromISR
                0x080049e0      0x13c ./Frameworks/freertos/qf_port.o
                0x080049e0                QMPool_getFromISR
 .text.QMPool_putFromISR
                0x08004b1c       0xe8 ./Frameworks/freertos/qf_port.o
                0x08004b1c                QMPool_putFromISR
 .text.QEvt_verify_
                0x08004c04       0x3e ./Frameworks/qf/qep_hsm.o
 *fill*         0x08004c42        0x2 
 .text.QHsm_ctor
                0x08004c44       0x30 ./Frameworks/qf/qep_hsm.o
                0x08004c44                QHsm_ctor
 .text.QHsm_init_
                0x08004c74      0x130 ./Frameworks/qf/qep_hsm.o
                0x08004c74                QHsm_init_
 .text.QHsm_dispatch_
                0x08004da4      0x21c ./Frameworks/qf/qep_hsm.o
                0x08004da4                QHsm_dispatch_
 .text.QHsm_isIn_
                0x08004fc0       0xa4 ./Frameworks/qf/qep_hsm.o
                0x08004fc0                QHsm_isIn_
 .text.QHsm_tran_
                0x08005064      0x208 ./Frameworks/qf/qep_hsm.o
                0x08005064                QHsm_tran_
 .text.QHsm_top
                0x0800526c       0x18 ./Frameworks/qf/qep_hsm.o
                0x0800526c                QHsm_top
 .text.QF_bzero_
                0x08005284       0x3a ./Frameworks/qf/qf_act.o
                0x08005284                QF_bzero_
 *fill*         0x080052be        0x2 
 .text.QF_LOG2  0x080052c0       0x70 ./Frameworks/qf/qf_act.o
                0x080052c0                QF_LOG2
 .text.QEvt_verify_
                0x08005330       0x3e ./Frameworks/qf/qf_dyn.o
 .text.QEvt_getPoolNum_
                0x0800536e       0x1c ./Frameworks/qf/qf_dyn.o
 .text.QEvt_refCtr_dec_
                0x0800538a       0x42 ./Frameworks/qf/qf_dyn.o
 .text.QF_poolInit
                0x080053cc       0x84 ./Frameworks/qf/qf_dyn.o
                0x080053cc                QF_poolInit
 .text.QF_newX_
                0x08005450       0xe4 ./Frameworks/qf/qf_dyn.o
                0x08005450                QF_newX_
 .text.QF_gc    0x08005534       0xa4 ./Frameworks/qf/qf_dyn.o
                0x08005534                QF_gc
 .text.QMPool_init
                0x080055d8      0x144 ./Frameworks/qf/qf_mem.o
                0x080055d8                QMPool_init
 .text.QMPool_get
                0x0800571c      0x118 ./Frameworks/qf/qf_mem.o
                0x0800571c                QMPool_get
 .text.QMPool_put
                0x08005834       0xe0 ./Frameworks/qf/qf_mem.o
                0x08005834                QMPool_put
 .text.QEvt_getPoolNum_
                0x08005914       0x1c ./Frameworks/qf/qf_ps.o
 .text.QPSet_setEmpty
                0x08005930       0x1a ./Frameworks/qf/qf_ps.o
 .text.QPSet_notEmpty
                0x0800594a       0x22 ./Frameworks/qf/qf_ps.o
 .text.QPSet_insert
                0x0800596c       0x2a ./Frameworks/qf/qf_ps.o
 .text.QPSet_remove
                0x08005996       0x2c ./Frameworks/qf/qf_ps.o
 .text.QPSet_findMax
                0x080059c2       0x1c ./Frameworks/qf/qf_ps.o
 .text.QPSet_update_
                0x080059de       0x20 ./Frameworks/qf/qf_ps.o
 .text.QPSet_verify_
                0x080059fe       0x2a ./Frameworks/qf/qf_ps.o
 .text.QEvt_refCtr_inc_
                0x08005a28       0x42 ./Frameworks/qf/qf_ps.o
 *fill*         0x08005a6a        0x2 
 .text.QActive_psInit
                0x08005a6c       0x64 ./Frameworks/qf/qf_ps.o
                0x08005a6c                QActive_psInit
 .text.QActive_publish_
                0x08005ad0      0x168 ./Frameworks/qf/qf_ps.o
                0x08005ad0                QActive_publish_
 .text.QActive_subscribe
                0x08005c38       0xc4 ./Frameworks/qf/qf_ps.o
                0x08005c38                QActive_subscribe
 .text.QActive_ctor
                0x08005cfc       0x2c ./Frameworks/qf/qf_qact.o
                0x08005cfc                QActive_ctor
 .text.QActive_register_
                0x08005d28      0x118 ./Frameworks/qf/qf_qact.o
                0x08005d28                QActive_register_
 .text.QEvt_ctor
                0x08005e40       0x2a ./Frameworks/qf/qf_time.o
 .text.QEvt_verify_
                0x08005e6a       0x3e ./Frameworks/qf/qf_time.o
 .text.QTimeEvt_ctorX
                0x08005ea8       0x7c ./Frameworks/qf/qf_time.o
                0x08005ea8                QTimeEvt_ctorX
 .text.QTimeEvt_armX
                0x08005f24      0x12c ./Frameworks/qf/qf_time.o
                0x08005f24                QTimeEvt_armX
 .text.QTimeEvt_disarm
                0x08006050       0x90 ./Frameworks/qf/qf_time.o
                0x08006050                QTimeEvt_disarm
 .text.QTimeEvt_init
                0x080060e0       0x54 ./Frameworks/qf/qf_time.o
                0x080060e0                QTimeEvt_init
 .text.memset   0x08006134       0x10 C:/ST/STM32CubeIDE_1.17.0/STM32CubeIDE/plugins/com.st.stm32cube.ide.mcu.externaltools.gnu-tools-for-stm32.12.3.rel1.win32_1.1.0.202410251130/tools/bin/../lib/gcc/arm-none-eabi/12.3.1/../../../../arm-none-eabi/lib/thumb/v7e-m+dp/hard\libc_nano.a(libc_a-memset.o)
                0x08006134                memset
 .text.__libc_init_array
                0x08006144       0x48 C:/ST/STM32CubeIDE_1.17.0/STM32CubeIDE/plugins/com.st.stm32cube.ide.mcu.externaltools.gnu-tools-for-stm32.12.3.rel1.win32_1.1.0.202410251130/tools/bin/../lib/gcc/arm-none-eabi/12.3.1/../../../../arm-none-eabi/lib/thumb/v7e-m+dp/hard\libc_nano.a(libc_a-init.o)
                0x08006144                __libc_init_array
 .text.memcpy   0x0800618c       0x1c C:/ST/STM32CubeIDE_1.17.0/STM32CubeIDE/plugins/com.st.stm32cube.ide.mcu.externaltools.gnu-tools-for-stm32.12.3.rel1.win32_1.1.0.202410251130/tools/bin/../lib/gcc/arm-none-eabi/12.3.1/../../../../arm-none-eabi/lib/thumb/v7e-m+dp/hard\libc_nano.a(libc_a-memcpy-stub.o)
                0x0800618c                memcpy
 *(.glue_7)
 .glue_7        0x080061a8        0x0 linker stubs
 *(.glue_7t)
 .glue_7t       0x080061a8        0x0 linker stubs
 *(.eh_frame)
 .eh_frame      0x080061a8        0x0 C:/ST/STM32CubeIDE_1.17.0/STM32CubeIDE/plugins/com.st.stm32cube.ide.mcu.externaltools.gnu-tools-for-stm32.12.3.rel1.win32_1.1.0.202410251130/tools/bin/../lib/gcc/arm-none-eabi/12.3.1/thumb/v7e-m+dp/hard/crtbegin.o
 *(.init)
 .init          0x080061a8        0x4 C:/ST/STM32CubeIDE_1.17.0/STM32CubeIDE/plugins/com.st.stm32cube.ide.mcu.externaltools.gnu-tools-for-stm32.12.3.rel1.win32_1.1.0.202410251130/tools/bin/../lib/gcc/arm-none-eabi/12.3.1/thumb/v7e-m+dp/hard/crti.o
                0x080061a8                _init
 .init          0x080061ac        0x8 C:/ST/STM32CubeIDE_1.17.0/STM32CubeIDE/plugins/com.st.stm32cube.ide.mcu.externaltools.gnu-tools-for-stm32.12.3.rel1.win32_1.1.0.202410251130/tools/bin/../lib/gcc/arm-none-eabi/12.3.1/thumb/v7e-m+dp/hard/crtn.o
 *(.fini)
 .fini          0x080061b4        0x4 C:/ST/STM32CubeIDE_1.17.0/STM32CubeIDE/plugins/com.st.stm32cube.ide.mcu.externaltools.gnu-tools-for-stm32.12.3.rel1.win32_1.1.0.202410251130/tools/bin/../lib/gcc/arm-none-eabi/12.3.1/thumb/v7e-m+dp/hard/crti.o
                0x080061b4                _fini
 .fini          0x080061b8        0x8 C:/ST/STM32CubeIDE_1.17.0/STM32CubeIDE/plugins/com.st.stm32cube.ide.mcu.externaltools.gnu-tools-for-stm32.12.3.rel1.win32_1.1.0.202410251130/tools/bin/../lib/gcc/arm-none-eabi/12.3.1/thumb/v7e-m+dp/hard/crtn.o
                0x080061c0                        . = ALIGN (0x4)
                0x080061c0                        _etext = .

.vfp11_veneer   0x080061c0        0x0
 .vfp11_veneer  0x080061c0        0x0 linker stubs

.v4_bx          0x080061c0        0x0
 .v4_bx         0x080061c0        0x0 linker stubs

.iplt           0x080061c0        0x0
 .iplt          0x080061c0        0x0 C:/ST/STM32CubeIDE_1.17.0/STM32CubeIDE/plugins/com.st.stm32cube.ide.mcu.externaltools.gnu-tools-for-stm32.12.3.rel1.win32_1.1.0.202410251130/tools/bin/../lib/gcc/arm-none-eabi/12.3.1/thumb/v7e-m+dp/hard/crtbegin.o

.rodata         0x080061c0      0x208
                0x080061c0                        . = ALIGN (0x4)
 *(.rodata)
 .rodata        0x080061c0        0xe ./Core/Src/bsp.o
 *fill*         0x080061ce        0x2 
 .rodata        0x080061d0       0x21 ./Core/Src/table.o
 *fill*         0x080061f1        0x3 
 .rodata        0x080061f4       0x2c ./Frameworks/FreeRTOS-Kernel/queue.o
 .rodata        0x08006220       0x31 ./Frameworks/FreeRTOS-Kernel/tasks.o
 *fill*         0x08006251        0x3 
 .rodata        0x08006254       0x45 ./Frameworks/FreeRTOS-Kernel/portable/GCC/ARM_CM7/r0p1/port.o
 *fill*         0x08006299        0x3 
 .rodata        0x0800629c       0x3e ./Frameworks/FreeRTOS-Kernel/portable/MemMang/heap_4.o
 *fill*         0x080062da        0x2 
 .rodata        0x080062dc        0x3 ./Frameworks/freertos/qf_port.o
 *(.rodata*)
 *fill*         0x080062df        0x1 
 .rodata.Q_this_module_
                0x080062e0       0x12 ./Core/Src/bsp.o
 *fill*         0x080062f2        0x2 
 .rodata.pauseEvt.9
                0x080062f4        0x4 ./Core/Src/bsp.o
 .rodata.serveEvt.8
                0x080062f8        0x4 ./Core/Src/bsp.o
 .rodata.Q_this_module_
                0x080062fc       0x14 ./Core/Src/philo.o
 .rodata.AO_Philo
                0x08006310       0x14 ./Core/Src/philo.o
                0x08006310                AO_Philo
 .rodata.D1CorePrescTable
                0x08006324       0x10 ./Core/Src/system_stm32h7xx.o
                0x08006324                D1CorePrescTable
 .rodata.Q_this_module_
                0x08006334       0x14 ./Core/Src/table.o
 .rodata.AO_Table
                0x08006348        0x4 ./Core/Src/table.o
                0x08006348                AO_Table
 .rodata.LED_PIN
                0x0800634c        0x6 ./Drivers/BSP/STM32H7xx_Nucleo/stm32h7xx_nucleo.o
 *fill*         0x08006352        0x2 
 .rodata.BUTTON_EXTI_LINE.2
                0x08006354        0x4 ./Drivers/BSP/STM32H7xx_Nucleo/stm32h7xx_nucleo.o
 .rodata.Q_this_module_
                0x08006358        0x8 ./Frameworks/freertos/qf_port.o
 .rodata.Q_this_module_
                0x08006360        0x8 ./Frameworks/qf/qep_hsm.o
 .rodata.QEvt_reserved_
                0x08006368       0x10 ./Frameworks/qf/qep_hsm.o
                0x08006368                QEvt_reserved_
 .rodata.vtable.0
                0x08006378        0xc ./Frameworks/qf/qep_hsm.o
 .rodata.log2LUT.0
                0x08006384       0x10 ./Frameworks/qf/qf_act.o
 .rodata.Q_this_module_
                0x08006394        0x7 ./Frameworks/qf/qf_dyn.o
 *fill*         0x0800639b        0x1 
 .rodata.Q_this_module_
                0x0800639c        0x7 ./Frameworks/qf/qf_mem.o
 *fill*         0x080063a3        0x1 
 .rodata.Q_this_module_
                0x080063a4        0x6 ./Frameworks/qf/qf_ps.o
 *fill*         0x080063aa        0x2 
 .rodata.Q_this_module_
                0x080063ac        0x8 ./Frameworks/qf/qf_qact.o
 .rodata.vtable.0
                0x080063b4        0xc ./Frameworks/qf/qf_qact.o
 .rodata.Q_this_module_
                0x080063c0        0x8 ./Frameworks/qf/qf_time.o
                0x080063c8                        . = ALIGN (0x4)

.ARM.extab
 *(.ARM.extab* .gnu.linkonce.armextab.*)

.ARM            0x080063c8        0x0
                0x080063c8                        __exidx_start = .
 *(.ARM.exidx*)
                0x080063c8                        __exidx_end = .

.preinit_array  0x080063c8        0x0
                0x080063c8                        PROVIDE (__preinit_array_start = .)
 *(.preinit_array*)
                0x080063c8                        PROVIDE (__preinit_array_end = .)

.init_array     0x080063c8        0x4
                0x080063c8                        PROVIDE (__init_array_start = .)
 *(SORT_BY_NAME(.init_array.*))
 *(.init_array*)
 .init_array    0x080063c8        0x4 C:/ST/STM32CubeIDE_1.17.0/STM32CubeIDE/plugins/com.st.stm32cube.ide.mcu.externaltools.gnu-tools-for-stm32.12.3.rel1.win32_1.1.0.202410251130/tools/bin/../lib/gcc/arm-none-eabi/12.3.1/thumb/v7e-m+dp/hard/crtbegin.o
                0x080063cc                        PROVIDE (__init_array_end = .)

.fini_array     0x080063cc        0x4
                [!provide]                        PROVIDE (__fini_array_start = .)
 *(SORT_BY_NAME(.fini_array.*))
 *(.fini_array*)
 .fini_array    0x080063cc        0x4 C:/ST/STM32CubeIDE_1.17.0/STM32CubeIDE/plugins/com.st.stm32cube.ide.mcu.externaltools.gnu-tools-for-stm32.12.3.rel1.win32_1.1.0.202410251130/tools/bin/../lib/gcc/arm-none-eabi/12.3.1/thumb/v7e-m+dp/hard/crtbegin.o
                [!provide]                        PROVIDE (__fini_array_end = .)
                0x080063d0                        _sidata = LOADADDR (.data)

.rel.dyn        0x080063d0        0x0
 .rel.iplt      0x080063d0        0x0 C:/ST/STM32CubeIDE_1.17.0/STM32CubeIDE/plugins/com.st.stm32cube.ide.mcu.externaltools.gnu-tools-for-stm32.12.3.rel1.win32_1.1.0.202410251130/tools/bin/../lib/gcc/arm-none-eabi/12.3.1/thumb/v7e-m+dp/hard/crtbegin.o

.data           0x24000000       0x28 load address 0x080063d0
                0x24000000                        . = ALIGN (0x4)
                0x24000000                        _sdata = .
 *(.data)
 *(.data*)
 .data.SystemCoreClock
                0x24000000        0x4 ./Core/Src/system_stm32h7xx.o
                0x24000000                SystemCoreClock
 .data.SystemD2Clock
                0x24000004        0x4 ./Core/Src/system_stm32h7xx.o
                0x24000004                SystemD2Clock
 .data.LED_PORT
                0x24000008        0xc ./Drivers/BSP/STM32H7xx_Nucleo/stm32h7xx_nucleo.o
 .data.BUTTON_PORT
                0x24000014        0x4 ./Drivers/BSP/STM32H7xx_Nucleo/stm32h7xx_nucleo.o
 .data.ButtonCallback.1
                0x24000018        0x4 ./Drivers/BSP/STM32H7xx_Nucleo/stm32h7xx_nucleo.o
 .data.BSP_BUTTON_PRIO.0
                0x2400001c        0x4 ./Drivers/BSP/STM32H7xx_Nucleo/stm32h7xx_nucleo.o
 .data.uxTopUsedPriority
                0x24000020        0x4 ./Frameworks/FreeRTOS-Kernel/tasks.o
                0x24000020                uxTopUsedPriority
 .data.uxCriticalNesting
                0x24000024        0x4 ./Frameworks/FreeRTOS-Kernel/portable/GCC/ARM_CM7/r0p1/port.o
 *(.RamFunc)
 *(.RamFunc*)
                0x24000028                        . = ALIGN (0x4)
                0x24000028                        _edata = .

.igot.plt       0x24000028        0x0 load address 0x080063f8
 .igot.plt      0x24000028        0x0 C:/ST/STM32CubeIDE_1.17.0/STM32CubeIDE/plugins/com.st.stm32cube.ide.mcu.externaltools.gnu-tools-for-stm32.12.3.rel1.win32_1.1.0.202410251130/tools/bin/../lib/gcc/arm-none-eabi/12.3.1/thumb/v7e-m+dp/hard/crtbegin.o
                0x24000028                        . = ALIGN (0x4)

.bss            0x24000028     0x2684 load address 0x080063f8
                0x24000028                        _sbss = .
                0x24000028                        __bss_start__ = _sbss
 *(.bss)
 .bss           0x24000028       0x1c C:/ST/STM32CubeIDE_1.17.0/STM32CubeIDE/plugins/com.st.stm32cube.ide.mcu.externaltools.gnu-tools-for-stm32.12.3.rel1.win32_1.1.0.202410251130/tools/bin/../lib/gcc/arm-none-eabi/12.3.1/thumb/v7e-m+dp/hard/crtbegin.o
 *(.bss*)
 .bss.l_rndSeed
                0x24000044        0x4 ./Core/Src/bsp.o
 .bss.buttons.10
                0x24000048        0x8 ./Core/Src/bsp.o
 .bss.xIdleTaskTCB.7
                0x24000050       0x4c ./Core/Src/bsp.o
 .bss.uxIdleTaskStack.6
                0x2400009c      0x400 ./Core/Src/bsp.o
 .bss.smlPoolSto.5
                0x2400049c       0x50 ./Core/Src/bsp.o
 .bss.subscrSto.4
                0x240004ec       0x48 ./Core/Src/bsp.o
 .bss.philoQueueSto.3
                0x24000534       0x64 ./Core/Src/bsp.o
 .bss.philoStack.2
                0x24000598     0x1400 ./Core/Src/bsp.o
 .bss.tableQueueSto.1
                0x24001998       0x14 ./Core/Src/bsp.o
 .bss.tableStack.0
                0x240019ac      0x400 ./Core/Src/bsp.o
 .bss.Philo_inst
                0x24001dac      0x410 ./Core/Src/philo.o
                0x24001dac                Philo_inst
 .bss.Table_inst
                0x240021bc       0xb8 ./Core/Src/table.o
                0x240021bc                Table_inst
 .bss.hpb_exti  0x24002274        0x8 ./Drivers/BSP/STM32H7xx_Nucleo/stm32h7xx_nucleo.o
                0x24002274                hpb_exti
 .bss.pxCurrentTCB
                0x2400227c        0x4 ./Frameworks/FreeRTOS-Kernel/tasks.o
                0x2400227c                pxCurrentTCB
 .bss.pxReadyTasksLists
                0x24002280      0x280 ./Frameworks/FreeRTOS-Kernel/tasks.o
 .bss.xDelayedTaskList1
                0x24002500       0x14 ./Frameworks/FreeRTOS-Kernel/tasks.o
 .bss.xDelayedTaskList2
                0x24002514       0x14 ./Frameworks/FreeRTOS-Kernel/tasks.o
 .bss.pxDelayedTaskList
                0x24002528        0x4 ./Frameworks/FreeRTOS-Kernel/tasks.o
 .bss.pxOverflowDelayedTaskList
                0x2400252c        0x4 ./Frameworks/FreeRTOS-Kernel/tasks.o
 .bss.xPendingReadyList
                0x24002530       0x14 ./Frameworks/FreeRTOS-Kernel/tasks.o
 .bss.xTasksWaitingTermination
                0x24002544       0x14 ./Frameworks/FreeRTOS-Kernel/tasks.o
 .bss.uxDeletedTasksWaitingCleanUp
                0x24002558        0x4 ./Frameworks/FreeRTOS-Kernel/tasks.o
 .bss.uxCurrentNumberOfTasks
                0x2400255c        0x4 ./Frameworks/FreeRTOS-Kernel/tasks.o
 .bss.xTickCount
                0x24002560        0x4 ./Frameworks/FreeRTOS-Kernel/tasks.o
 .bss.uxTopReadyPriority
                0x24002564        0x4 ./Frameworks/FreeRTOS-Kernel/tasks.o
 .bss.xSchedulerRunning
                0x24002568        0x4 ./Frameworks/FreeRTOS-Kernel/tasks.o
 .bss.xPendedTicks
                0x2400256c        0x4 ./Frameworks/FreeRTOS-Kernel/tasks.o
 .bss.xYieldPending
                0x24002570        0x4 ./Frameworks/FreeRTOS-Kernel/tasks.o
 .bss.xNumOfOverflows
                0x24002574        0x4 ./Frameworks/FreeRTOS-Kernel/tasks.o
 .bss.uxTaskNumber
                0x24002578        0x4 ./Frameworks/FreeRTOS-Kernel/tasks.o
 .bss.xNextTaskUnblockTime
                0x2400257c        0x4 ./Frameworks/FreeRTOS-Kernel/tasks.o
 .bss.xIdleTaskHandle
                0x24002580        0x4 ./Frameworks/FreeRTOS-Kernel/tasks.o
 .bss.uxSchedulerSuspended
                0x24002584        0x4 ./Frameworks/FreeRTOS-Kernel/tasks.o
 .bss.ucMaxSysCallPriority
                0x24002588        0x1 ./Frameworks/FreeRTOS-Kernel/portable/GCC/ARM_CM7/r0p1/port.o
 *fill*         0x24002589        0x3 
 .bss.ulMaxPRIGROUPValue
                0x2400258c        0x4 ./Frameworks/FreeRTOS-Kernel/portable/GCC/ARM_CM7/r0p1/port.o
 .bss.xStart    0x24002590        0x8 ./Frameworks/FreeRTOS-Kernel/portable/MemMang/heap_4.o
 .bss.pxEnd     0x24002598        0x4 ./Frameworks/FreeRTOS-Kernel/portable/MemMang/heap_4.o
 .bss.xFreeBytesRemaining
                0x2400259c        0x4 ./Frameworks/FreeRTOS-Kernel/portable/MemMang/heap_4.o
 .bss.xNumberOfSuccessfulFrees
                0x240025a0        0x4 ./Frameworks/FreeRTOS-Kernel/portable/MemMang/heap_4.o
 .bss.QActive_registry_
                0x240025a4       0x84 ./Frameworks/qf/qf_act.o
                0x240025a4                QActive_registry_
 .bss.QF_priv_  0x24002628       0x58 ./Frameworks/qf/qf_act.o
                0x24002628                QF_priv_
 .bss.QActive_subscrList_
                0x24002680        0x4 ./Frameworks/qf/qf_ps.o
                0x24002680                QActive_subscrList_
 .bss.QActive_maxPubSignal_
                0x24002684        0x4 ./Frameworks/qf/qf_ps.o
                0x24002684                QActive_maxPubSignal_
 .bss.QTimeEvt_timeEvtHead_
                0x24002688       0x20 ./Frameworks/qf/qf_time.o
                0x24002688                QTimeEvt_timeEvtHead_
 .bss.QTimeEvt_timeEvtHead_dis_
                0x240026a8        0x4 ./Frameworks/qf/qf_time.o
                0x240026a8                QTimeEvt_timeEvtHead_dis_
 *(COMMON)
                0x240026ac                        . = ALIGN (0x4)
                0x240026ac                        _ebss = .
                0x240026ac                        __bss_end__ = _ebss

._user_heap_stack
                0x240026ac      0x604 load address 0x080063f8
                0x240026b0                        . = ALIGN (0x8)
 *fill*         0x240026ac        0x4 
                [!provide]                        PROVIDE (end = .)
                0x240026b0                        PROVIDE (_end = .)
                0x240028b0                        . = (. + _Min_Heap_Size)
 *fill*         0x240026b0      0x200 
                0x24002cb0                        . = (. + _Min_Stack_Size)
 *fill*         0x240028b0      0x400 
                0x24002cb0                        . = ALIGN (0x8)

/DISCARD/
 libc.a(*)
 libm.a(*)
 libgcc.a(*)

.ARM.attributes
                0x00000000       0x2e
 *(.ARM.attributes)
 .ARM.attributes
                0x00000000       0x20 C:/ST/STM32CubeIDE_1.17.0/STM32CubeIDE/plugins/com.st.stm32cube.ide.mcu.externaltools.gnu-tools-for-stm32.12.3.rel1.win32_1.1.0.202410251130/tools/bin/../lib/gcc/arm-none-eabi/12.3.1/thumb/v7e-m+dp/hard/crti.o
 .ARM.attributes
                0x00000020       0x32 C:/ST/STM32CubeIDE_1.17.0/STM32CubeIDE/plugins/com.st.stm32cube.ide.mcu.externaltools.gnu-tools-for-stm32.12.3.rel1.win32_1.1.0.202410251130/tools/bin/../lib/gcc/arm-none-eabi/12.3.1/thumb/v7e-m+dp/hard/crtbegin.o
 .ARM.attributes
                0x00000052       0x32 ./Core/Src/bsp.o
 .ARM.attributes
                0x00000084       0x32 ./Core/Src/main.o
 .ARM.attributes
                0x000000b6       0x32 ./Core/Src/philo.o
 .ARM.attributes
                0x000000e8       0x32 ./Core/Src/system_stm32h7xx.o
 .ARM.attributes
                0x0000011a       0x32 ./Core/Src/table.o
 .ARM.attributes
                0x0000014c       0x21 ./Core/Startup/startup_stm32h743zitx.o
 .ARM.attributes
                0x0000016d       0x32 ./Drivers/BSP/STM32H7xx_Nucleo/stm32h7xx_nucleo.o
 .ARM.attributes
                0x0000019f       0x32 ./Drivers/STM32H7xx_HAL_Driver/Src/stm32h7xx_hal_cortex.o
 .ARM.attributes
                0x000001d1       0x32 ./Drivers/STM32H7xx_HAL_Driver/Src/stm32h7xx_hal_exti.o
 .ARM.attributes
                0x00000203       0x32 ./Drivers/STM32H7xx_HAL_Driver/Src/stm32h7xx_hal_gpio.o
 .ARM.attributes
                0x00000235       0x32 ./Frameworks/FreeRTOS-Kernel/list.o
 .ARM.attributes
                0x00000267       0x32 ./Frameworks/FreeRTOS-Kernel/queue.o
 .ARM.attributes
                0x00000299       0x32 ./Frameworks/FreeRTOS-Kernel/tasks.o
 .ARM.attributes
                0x000002cb       0x32 ./Frameworks/FreeRTOS-Kernel/portable/GCC/ARM_CM7/r0p1/port.o
 .ARM.attributes
                0x000002fd       0x32 ./Frameworks/FreeRTOS-Kernel/portable/MemMang/heap_4.o
 .ARM.attributes
                0x0000032f       0x32 ./Frameworks/freertos/qf_port.o
 .ARM.attributes
                0x00000361       0x32 ./Frameworks/qf/qep_hsm.o
 .ARM.attributes
                0x00000393       0x32 ./Frameworks/qf/qf_act.o
 .ARM.attributes
                0x000003c5       0x32 ./Frameworks/qf/qf_dyn.o
 .ARM.attributes
                0x000003f7       0x32 ./Frameworks/qf/qf_mem.o
 .ARM.attributes
                0x00000429       0x32 ./Frameworks/qf/qf_ps.o
 .ARM.attributes
                0x0000045b       0x32 ./Frameworks/qf/qf_qact.o
 .ARM.attributes
                0x0000048d       0x32 ./Frameworks/qf/qf_time.o
 .ARM.attributes
                0x000004bf       0x32 C:/ST/STM32CubeIDE_1.17.0/STM32CubeIDE/plugins/com.st.stm32cube.ide.mcu.externaltools.gnu-tools-for-stm32.12.3.rel1.win32_1.1.0.202410251130/tools/bin/../lib/gcc/arm-none-eabi/12.3.1/../../../../arm-none-eabi/lib/thumb/v7e-m+dp/hard\libc_nano.a(libc_a-memset.o)
 .ARM.attributes
                0x000004f1       0x32 C:/ST/STM32CubeIDE_1.17.0/STM32CubeIDE/plugins/com.st.stm32cube.ide.mcu.externaltools.gnu-tools-for-stm32.12.3.rel1.win32_1.1.0.202410251130/tools/bin/../lib/gcc/arm-none-eabi/12.3.1/../../../../arm-none-eabi/lib/thumb/v7e-m+dp/hard\libc_nano.a(libc_a-init.o)
 .ARM.attributes
                0x00000523       0x32 C:/ST/STM32CubeIDE_1.17.0/STM32CubeIDE/plugins/com.st.stm32cube.ide.mcu.externaltools.gnu-tools-for-stm32.12.3.rel1.win32_1.1.0.202410251130/tools/bin/../lib/gcc/arm-none-eabi/12.3.1/../../../../arm-none-eabi/lib/thumb/v7e-m+dp/hard\libc_nano.a(libc_a-memcpy-stub.o)
 .ARM.attributes
                0x00000555       0x20 C:/ST/STM32CubeIDE_1.17.0/STM32CubeIDE/plugins/com.st.stm32cube.ide.mcu.externaltools.gnu-tools-for-stm32.12.3.rel1.win32_1.1.0.202410251130/tools/bin/../lib/gcc/arm-none-eabi/12.3.1/thumb/v7e-m+dp/hard/crtn.o
OUTPUT(dpp_H743_stm32cube.elf elf32-littlearm)
LOAD linker stubs
LOAD C:/ST/STM32CubeIDE_1.17.0/STM32CubeIDE/plugins/com.st.stm32cube.ide.mcu.externaltools.gnu-tools-for-stm32.12.3.rel1.win32_1.1.0.202410251130/tools/bin/../lib/gcc/arm-none-eabi/12.3.1/../../../../arm-none-eabi/lib/thumb/v7e-m+dp/hard\libc.a
LOAD C:/ST/STM32CubeIDE_1.17.0/STM32CubeIDE/plugins/com.st.stm32cube.ide.mcu.externaltools.gnu-tools-for-stm32.12.3.rel1.win32_1.1.0.202410251130/tools/bin/../lib/gcc/arm-none-eabi/12.3.1/../../../../arm-none-eabi/lib/thumb/v7e-m+dp/hard\libm.a
LOAD C:/ST/STM32CubeIDE_1.17.0/STM32CubeIDE/plugins/com.st.stm32cube.ide.mcu.externaltools.gnu-tools-for-stm32.12.3.rel1.win32_1.1.0.202410251130/tools/bin/../lib/gcc/arm-none-eabi/12.3.1/thumb/v7e-m+dp/hard\libgcc.a

.debug_info     0x00000000    0x11c9f
 .debug_info    0x00000000     0x1ba0 ./Core/Src/bsp.o
 .debug_info    0x00001ba0       0xd8 ./Core/Src/main.o
 .debug_info    0x00001c78      0xd13 ./Core/Src/philo.o
 .debug_info    0x0000298b      0xdc1 ./Core/Src/system_stm32h7xx.o
 .debug_info    0x0000374c      0xcfd ./Core/Src/table.o
 .debug_info    0x00004449       0x30 ./Core/Startup/startup_stm32h743zitx.o
 .debug_info    0x00004479     0x1a7c ./Drivers/BSP/STM32H7xx_Nucleo/stm32h7xx_nucleo.o
 .debug_info    0x00005ef5     0x10bc ./Drivers/STM32H7xx_HAL_Driver/Src/stm32h7xx_hal_cortex.o
 .debug_info    0x00006fb1      0x916 ./Drivers/STM32H7xx_HAL_Driver/Src/stm32h7xx_hal_exti.o
 .debug_info    0x000078c7      0xc5a ./Drivers/STM32H7xx_HAL_Driver/Src/stm32h7xx_hal_gpio.o
 .debug_info    0x00008521      0x2af ./Frameworks/FreeRTOS-Kernel/list.o
 .debug_info    0x000087d0     0x16b3 ./Frameworks/FreeRTOS-Kernel/queue.o
 .debug_info    0x00009e83     0x1d34 ./Frameworks/FreeRTOS-Kernel/tasks.o
 .debug_info    0x0000bbb7      0x41e ./Frameworks/FreeRTOS-Kernel/portable/GCC/ARM_CM7/r0p1/port.o
 .debug_info    0x0000bfd5      0x4c4 ./Frameworks/FreeRTOS-Kernel/portable/MemMang/heap_4.o
 .debug_info    0x0000c499     0x1841 ./Frameworks/freertos/qf_port.o
 .debug_info    0x0000dcda      0x888 ./Frameworks/qf/qep_hsm.o
 .debug_info    0x0000e562      0x9ea ./Frameworks/qf/qf_act.o
 .debug_info    0x0000ef4c      0x60f ./Frameworks/qf/qf_dyn.o
 .debug_info    0x0000f55b      0x3fb ./Frameworks/qf/qf_mem.o
 .debug_info    0x0000f956      0xd04 ./Frameworks/qf/qf_ps.o
 .debug_info    0x0001065a      0x978 ./Frameworks/qf/qf_qact.o
 .debug_info    0x00010fd2      0xccd ./Frameworks/qf/qf_time.o

.debug_abbrev   0x00000000     0x3b0b
 .debug_abbrev  0x00000000      0x517 ./Core/Src/bsp.o
 .debug_abbrev  0x00000517       0x91 ./Core/Src/main.o
 .debug_abbrev  0x000005a8      0x2e9 ./Core/Src/philo.o
 .debug_abbrev  0x00000891      0x165 ./Core/Src/system_stm32h7xx.o
 .debug_abbrev  0x000009f6      0x32f ./Core/Src/table.o
 .debug_abbrev  0x00000d25       0x24 ./Core/Startup/startup_stm32h743zitx.o
 .debug_abbrev  0x00000d49      0x340 ./Drivers/BSP/STM32H7xx_Nucleo/stm32h7xx_nucleo.o
 .debug_abbrev  0x00001089      0x339 ./Drivers/STM32H7xx_HAL_Driver/Src/stm32h7xx_hal_cortex.o
 .debug_abbrev  0x000013c2      0x1df ./Drivers/STM32H7xx_HAL_Driver/Src/stm32h7xx_hal_exti.o
 .debug_abbrev  0x000015a1      0x205 ./Drivers/STM32H7xx_HAL_Driver/Src/stm32h7xx_hal_gpio.o
 .debug_abbrev  0x000017a6       0xf5 ./Frameworks/FreeRTOS-Kernel/list.o
 .debug_abbrev  0x0000189b      0x35a ./Frameworks/FreeRTOS-Kernel/queue.o
 .debug_abbrev  0x00001bf5      0x36d ./Frameworks/FreeRTOS-Kernel/tasks.o
 .debug_abbrev  0x00001f62      0x257 ./Frameworks/FreeRTOS-Kernel/portable/GCC/ARM_CM7/r0p1/port.o
 .debug_abbrev  0x000021b9      0x208 ./Frameworks/FreeRTOS-Kernel/portable/MemMang/heap_4.o
 .debug_abbrev  0x000023c1      0x4bb ./Frameworks/freertos/qf_port.o
 .debug_abbrev  0x0000287c      0x303 ./Frameworks/qf/qep_hsm.o
 .debug_abbrev  0x00002b7f      0x253 ./Frameworks/qf/qf_act.o
 .debug_abbrev  0x00002dd2      0x277 ./Frameworks/qf/qf_dyn.o
 .debug_abbrev  0x00003049      0x185 ./Frameworks/qf/qf_mem.o
 .debug_abbrev  0x000031ce      0x373 ./Frameworks/qf/qf_ps.o
 .debug_abbrev  0x00003541      0x28e ./Frameworks/qf/qf_qact.o
 .debug_abbrev  0x000037cf      0x33c ./Frameworks/qf/qf_time.o

.debug_aranges  0x00000000      0xbd8
 .debug_aranges
                0x00000000       0xc0 ./Core/Src/bsp.o
 .debug_aranges
                0x000000c0       0x20 ./Core/Src/main.o
 .debug_aranges
                0x000000e0       0x58 ./Core/Src/philo.o
 .debug_aranges
                0x00000138       0x30 ./Core/Src/system_stm32h7xx.o
 .debug_aranges
                0x00000168       0x58 ./Core/Src/table.o
 .debug_aranges
                0x000001c0       0x28 ./Core/Startup/startup_stm32h743zitx.o
 .debug_aranges
                0x000001e8       0xb8 ./Drivers/BSP/STM32H7xx_Nucleo/stm32h7xx_nucleo.o
 .debug_aranges
                0x000002a0      0x130 ./Drivers/STM32H7xx_HAL_Driver/Src/stm32h7xx_hal_cortex.o
 .debug_aranges
                0x000003d0       0x60 ./Drivers/STM32H7xx_HAL_Driver/Src/stm32h7xx_hal_exti.o
 .debug_aranges
                0x00000430       0x58 ./Drivers/STM32H7xx_HAL_Driver/Src/stm32h7xx_hal_gpio.o
 .debug_aranges
                0x00000488       0x40 ./Frameworks/FreeRTOS-Kernel/list.o
 .debug_aranges
                0x000004c8      0x150 ./Frameworks/FreeRTOS-Kernel/queue.o
 .debug_aranges
                0x00000618      0x1b8 ./Frameworks/FreeRTOS-Kernel/tasks.o
 .debug_aranges
                0x000007d0       0x80 ./Frameworks/FreeRTOS-Kernel/portable/GCC/ARM_CM7/r0p1/port.o
 .debug_aranges
                0x00000850       0x60 ./Frameworks/FreeRTOS-Kernel/portable/MemMang/heap_4.o
 .debug_aranges
                0x000008b0       0xd8 ./Frameworks/freertos/qf_port.o
 .debug_aranges
                0x00000988       0x58 ./Frameworks/qf/qep_hsm.o
 .debug_aranges
                0x000009e0       0x28 ./Frameworks/qf/qf_act.o
 .debug_aranges
                0x00000a08       0x70 ./Frameworks/qf/qf_dyn.o
 .debug_aranges
                0x00000a78       0x30 ./Frameworks/qf/qf_mem.o
 .debug_aranges
                0x00000aa8       0x90 ./Frameworks/qf/qf_ps.o
 .debug_aranges
                0x00000b38       0x30 ./Frameworks/qf/qf_qact.o
 .debug_aranges
                0x00000b68       0x70 ./Frameworks/qf/qf_time.o

.debug_rnglists
                0x00000000      0x8ec
 .debug_rnglists
                0x00000000       0x8e ./Core/Src/bsp.o
 .debug_rnglists
                0x0000008e       0x13 ./Core/Src/main.o
 .debug_rnglists
                0x000000a1       0x40 ./Core/Src/philo.o
 .debug_rnglists
                0x000000e1       0x21 ./Core/Src/system_stm32h7xx.o
 .debug_rnglists
                0x00000102       0x40 ./Core/Src/table.o
 .debug_rnglists
                0x00000142       0x19 ./Core/Startup/startup_stm32h743zitx.o
 .debug_rnglists
                0x0000015b       0x88 ./Drivers/BSP/STM32H7xx_Nucleo/stm32h7xx_nucleo.o
 .debug_rnglists
                0x000001e3       0xe0 ./Drivers/STM32H7xx_HAL_Driver/Src/stm32h7xx_hal_cortex.o
 .debug_rnglists
                0x000002c3       0x46 ./Drivers/STM32H7xx_HAL_Driver/Src/stm32h7xx_hal_exti.o
 .debug_rnglists
                0x00000309       0x3f ./Drivers/STM32H7xx_HAL_Driver/Src/stm32h7xx_hal_gpio.o
 .debug_rnglists
                0x00000348       0x2b ./Frameworks/FreeRTOS-Kernel/list.o
 .debug_rnglists
                0x00000373      0x105 ./Frameworks/FreeRTOS-Kernel/queue.o
 .debug_rnglists
                0x00000478      0x15e ./Frameworks/FreeRTOS-Kernel/tasks.o
 .debug_rnglists
                0x000005d6       0x5c ./Frameworks/FreeRTOS-Kernel/portable/GCC/ARM_CM7/r0p1/port.o
 .debug_rnglists
                0x00000632       0x48 ./Frameworks/FreeRTOS-Kernel/portable/MemMang/heap_4.o
 .debug_rnglists
                0x0000067a       0xb6 ./Frameworks/freertos/qf_port.o
 .debug_rnglists
                0x00000730       0x42 ./Frameworks/qf/qep_hsm.o
 .debug_rnglists
                0x00000772       0x19 ./Frameworks/qf/qf_act.o
 .debug_rnglists
                0x0000078b       0x52 ./Frameworks/qf/qf_dyn.o
 .debug_rnglists
                0x000007dd       0x22 ./Frameworks/qf/qf_mem.o
 .debug_rnglists
                0x000007ff       0x6b ./Frameworks/qf/qf_ps.o
 .debug_rnglists
                0x0000086a       0x20 ./Frameworks/qf/qf_qact.o
 .debug_rnglists
                0x0000088a       0x62 ./Frameworks/qf/qf_time.o

.debug_macro    0x00000000    0x379b8
 .debug_macro   0x00000000      0x3de ./Core/Src/bsp.o
 .debug_macro   0x000003de      0xad8 ./Core/Src/bsp.o
 .debug_macro   0x00000eb6       0x22 ./Core/Src/bsp.o
 .debug_macro   0x00000ed8       0x8e ./Core/Src/bsp.o
 .debug_macro   0x00000f66       0x51 ./Core/Src/bsp.o
 .debug_macro   0x00000fb7      0x103 ./Core/Src/bsp.o
 .debug_macro   0x000010ba       0x6a ./Core/Src/bsp.o
 .debug_macro   0x00001124      0x1df ./Core/Src/bsp.o
 .debug_macro   0x00001303       0x22 ./Core/Src/bsp.o
 .debug_macro   0x00001325       0x5f ./Core/Src/bsp.o
 .debug_macro   0x00001384       0x40 ./Core/Src/bsp.o
 .debug_macro   0x000013c4      0x189 ./Core/Src/bsp.o
 .debug_macro   0x0000154d       0x16 ./Core/Src/bsp.o
 .debug_macro   0x00001563      0x137 ./Core/Src/bsp.o
 .debug_macro   0x0000169a       0x10 ./Core/Src/bsp.o
 .debug_macro   0x000016aa      0x179 ./Core/Src/bsp.o
 .debug_macro   0x00001823       0xeb ./Core/Src/bsp.o
 .debug_macro   0x0000190e       0x28 ./Core/Src/bsp.o
 .debug_macro   0x00001936       0x1f ./Core/Src/bsp.o
 .debug_macro   0x00001955       0x12 ./Core/Src/bsp.o
 .debug_macro   0x00001967      0x4fb ./Core/Src/bsp.o
 .debug_macro   0x00001e62       0xc3 ./Core/Src/bsp.o
 .debug_macro   0x00001f25      0x12c ./Core/Src/bsp.o
 .debug_macro   0x00002051       0x8e ./Core/Src/bsp.o
 .debug_macro   0x000020df       0x10 ./Core/Src/bsp.o
 .debug_macro   0x000020ef      0x196 ./Core/Src/bsp.o
 .debug_macro   0x00002285       0x30 ./Core/Src/bsp.o
 .debug_macro   0x000022b5       0x7e ./Core/Src/bsp.o
 .debug_macro   0x00002333      0x100 ./Core/Src/bsp.o
 .debug_macro   0x00002433       0x4f ./Core/Src/bsp.o
 .debug_macro   0x00002482       0x10 ./Core/Src/bsp.o
 .debug_macro   0x00002492       0x10 ./Core/Src/bsp.o
 .debug_macro   0x000024a2      0x232 ./Core/Src/bsp.o
 .debug_macro   0x000026d4       0x2e ./Core/Src/bsp.o
 .debug_macro   0x00002702       0x3b ./Core/Src/bsp.o
 .debug_macro   0x0000273d       0x2e ./Core/Src/bsp.o
 .debug_macro   0x0000276b       0x10 ./Core/Src/bsp.o
 .debug_macro   0x0000277b       0x34 ./Core/Src/bsp.o
 .debug_macro   0x000027af      0x26d ./Core/Src/bsp.o
 .debug_macro   0x00002a1c       0x28 ./Core/Src/bsp.o
 .debug_macro   0x00002a44     0x14a2 ./Core/Src/bsp.o
 .debug_macro   0x00003ee6      0x11f ./Core/Src/bsp.o
 .debug_macro   0x00004005       0x22 ./Core/Src/bsp.o
 .debug_macro   0x00004027    0x25b9b ./Core/Src/bsp.o
 .debug_macro   0x00029bc2       0x6d ./Core/Src/bsp.o
 .debug_macro   0x00029c2f     0x3d79 ./Core/Src/bsp.o
 .debug_macro   0x0002d9a8       0x61 ./Core/Src/bsp.o
 .debug_macro   0x0002da09       0x29 ./Core/Src/bsp.o
 .debug_macro   0x0002da32       0x43 ./Core/Src/bsp.o
 .debug_macro   0x0002da75       0x34 ./Core/Src/bsp.o
 .debug_macro   0x0002daa9       0x16 ./Core/Src/bsp.o
 .debug_macro   0x0002dabf       0x43 ./Core/Src/bsp.o
 .debug_macro   0x0002db02       0x34 ./Core/Src/bsp.o
 .debug_macro   0x0002db36       0x10 ./Core/Src/bsp.o
 .debug_macro   0x0002db46       0x58 ./Core/Src/bsp.o
 .debug_macro   0x0002db9e       0x8e ./Core/Src/bsp.o
 .debug_macro   0x0002dc2c       0x1c ./Core/Src/bsp.o
 .debug_macro   0x0002dc48      0x177 ./Core/Src/bsp.o
 .debug_macro   0x0002ddbf      0x369 ./Core/Src/bsp.o
 .debug_macro   0x0002e128      0x19b ./Core/Src/bsp.o
 .debug_macro   0x0002e2c3       0x5d ./Core/Src/bsp.o
 .debug_macro   0x0002e320     0x2382 ./Core/Src/bsp.o
 .debug_macro   0x000306a2     0x102c ./Core/Src/bsp.o
 .debug_macro   0x000316ce      0x154 ./Core/Src/bsp.o
 .debug_macro   0x00031822      0x114 ./Core/Src/bsp.o
 .debug_macro   0x00031936      0x3b6 ./Core/Src/bsp.o
 .debug_macro   0x00031cec       0xac ./Core/Src/bsp.o
 .debug_macro   0x00031d98      0x72d ./Core/Src/bsp.o
 .debug_macro   0x000324c5      0x228 ./Core/Src/bsp.o
 .debug_macro   0x000326ed       0x66 ./Core/Src/bsp.o
 .debug_macro   0x00032753      0x3bb ./Core/Src/bsp.o
 .debug_macro   0x00032b0e      0x3e4 ./Core/Src/bsp.o
 .debug_macro   0x00032ef2      0x275 ./Core/Src/bsp.o
 .debug_macro   0x00033167      0x3ca ./Core/Src/bsp.o
 .debug_macro   0x00033531      0x408 ./Core/Src/bsp.o
 .debug_macro   0x00033939       0x51 ./Core/Src/bsp.o
 .debug_macro   0x0003398a       0x4a ./Core/Src/bsp.o
 .debug_macro   0x000339d4      0x22c ./Core/Src/bsp.o
 .debug_macro   0x00033c00       0x67 ./Core/Src/bsp.o
 .debug_macro   0x00033c67       0xa5 ./Core/Src/bsp.o
 .debug_macro   0x00033d0c      0x1c4 ./Core/Src/bsp.o
 .debug_macro   0x00033ed0      0x25e ./Core/Src/bsp.o
 .debug_macro   0x0003412e       0x35 ./Core/Src/bsp.o
 .debug_macro   0x00034163      0x693 ./Core/Src/bsp.o
 .debug_macro   0x000347f6       0xa6 ./Core/Src/bsp.o
 .debug_macro   0x0003489c      0x5ac ./Core/Src/bsp.o
 .debug_macro   0x00034e48       0x2e ./Core/Src/bsp.o
 .debug_macro   0x00034e76       0x52 ./Core/Src/bsp.o
 .debug_macro   0x00034ec8      0x131 ./Core/Src/bsp.o
 .debug_macro   0x00034ff9      0x167 ./Core/Src/main.o
 .debug_macro   0x00035160      0x167 ./Core/Src/philo.o
 .debug_macro   0x000352c7      0x2b8 ./Core/Src/system_stm32h7xx.o
 .debug_macro   0x0003557f      0x185 ./Core/Src/table.o
 .debug_macro   0x00035704      0x2df ./Drivers/BSP/STM32H7xx_Nucleo/stm32h7xx_nucleo.o
 .debug_macro   0x000359e3       0x28 ./Drivers/BSP/STM32H7xx_Nucleo/stm32h7xx_nucleo.o
 .debug_macro   0x00035a0b      0x2b8 ./Drivers/STM32H7xx_HAL_Driver/Src/stm32h7xx_hal_cortex.o
 .debug_macro   0x00035cc3      0x2c6 ./Drivers/STM32H7xx_HAL_Driver/Src/stm32h7xx_hal_exti.o
 .debug_macro   0x00035f89      0x2bf ./Drivers/STM32H7xx_HAL_Driver/Src/stm32h7xx_hal_gpio.o
 .debug_macro   0x00036248      0x1a2 ./Frameworks/FreeRTOS-Kernel/list.o
 .debug_macro   0x000363ea      0x239 ./Frameworks/FreeRTOS-Kernel/queue.o
 .debug_macro   0x00036623       0x16 ./Frameworks/FreeRTOS-Kernel/queue.o
 .debug_macro   0x00036639       0x20 ./Frameworks/FreeRTOS-Kernel/queue.o
 .debug_macro   0x00036659      0x288 ./Frameworks/FreeRTOS-Kernel/tasks.o
 .debug_macro   0x000368e1       0x16 ./Frameworks/FreeRTOS-Kernel/tasks.o
 .debug_macro   0x000368f7      0x1a5 ./Frameworks/FreeRTOS-Kernel/portable/GCC/ARM_CM7/r0p1/port.o
 .debug_macro   0x00036a9c      0x223 ./Frameworks/FreeRTOS-Kernel/portable/MemMang/heap_4.o
 .debug_macro   0x00036cbf      0x15b ./Frameworks/freertos/qf_port.o
 .debug_macro   0x00036e1a       0x6f ./Frameworks/freertos/qf_port.o
 .debug_macro   0x00036e89       0x22 ./Frameworks/freertos/qf_port.o
 .debug_macro   0x00036eab      0x1a8 ./Frameworks/freertos/qf_port.o
 .debug_macro   0x00037053      0x167 ./Frameworks/qf/qep_hsm.o
 .debug_macro   0x000371ba      0x155 ./Frameworks/qf/qf_act.o
 .debug_macro   0x0003730f      0x155 ./Frameworks/qf/qf_dyn.o
 .debug_macro   0x00037464      0x155 ./Frameworks/qf/qf_mem.o
 .debug_macro   0x000375b9      0x155 ./Frameworks/qf/qf_ps.o
 .debug_macro   0x0003770e      0x155 ./Frameworks/qf/qf_qact.o
 .debug_macro   0x00037863      0x155 ./Frameworks/qf/qf_time.o

.debug_line     0x00000000     0xf754
 .debug_line    0x00000000      0xf7f ./Core/Src/bsp.o
 .debug_line    0x00000f7f      0x5d3 ./Core/Src/main.o
 .debug_line    0x00001552      0x788 ./Core/Src/philo.o
 .debug_line    0x00001cda      0xb0f ./Core/Src/system_stm32h7xx.o
 .debug_line    0x000027e9      0x980 ./Core/Src/table.o
 .debug_line    0x00003169       0x7b ./Core/Startup/startup_stm32h743zitx.o
 .debug_line    0x000031e4      0xd12 ./Drivers/BSP/STM32H7xx_Nucleo/stm32h7xx_nucleo.o
 .debug_line    0x00003ef6      0xef1 ./Drivers/STM32H7xx_HAL_Driver/Src/stm32h7xx_hal_cortex.o
 .debug_line    0x00004de7      0xd9e ./Drivers/STM32H7xx_HAL_Driver/Src/stm32h7xx_hal_exti.o
 .debug_line    0x00005b85      0xd9b ./Drivers/STM32H7xx_HAL_Driver/Src/stm32h7xx_hal_gpio.o
 .debug_line    0x00006920      0x781 ./Frameworks/FreeRTOS-Kernel/list.o
 .debug_line    0x000070a1     0x151d ./Frameworks/FreeRTOS-Kernel/queue.o
 .debug_line    0x000085be     0x181b ./Frameworks/FreeRTOS-Kernel/tasks.o
 .debug_line    0x00009dd9      0x7b8 ./Frameworks/FreeRTOS-Kernel/portable/GCC/ARM_CM7/r0p1/port.o
 .debug_line    0x0000a591      0x9d1 ./Frameworks/FreeRTOS-Kernel/portable/MemMang/heap_4.o
 .debug_line    0x0000af62      0xe69 ./Frameworks/freertos/qf_port.o
 .debug_line    0x0000bdcb      0x9ba ./Frameworks/qf/qep_hsm.o
 .debug_line    0x0000c785      0x628 ./Frameworks/qf/qf_act.o
 .debug_line    0x0000cdad      0x855 ./Frameworks/qf/qf_dyn.o
 .debug_line    0x0000d602      0x79a ./Frameworks/qf/qf_mem.o
 .debug_line    0x0000dd9c      0x91c ./Frameworks/qf/qf_ps.o
 .debug_line    0x0000e6b8      0x6bd ./Frameworks/qf/qf_qact.o
 .debug_line    0x0000ed75      0x9df ./Frameworks/qf/qf_time.o

.debug_str      0x00000000   0x162324
 .debug_str     0x00000000   0x15c640 ./Core/Src/bsp.o
                             0x15cc1a (size before relaxing)
 .debug_str     0x0015c640       0x27 ./Core/Src/main.o
                               0xbc22 (size before relaxing)
 .debug_str     0x0015c667      0x162 ./Core/Src/philo.o
                               0xc1c9 (size before relaxing)
 .debug_str     0x0015c7c9      0x438 ./Core/Src/system_stm32h7xx.o
                             0x1539ef (size before relaxing)
 .debug_str     0x0015cc01       0xcc ./Core/Src/table.o
                               0xc1b7 (size before relaxing)
 .debug_str     0x0015cccd       0x44 ./Core/Startup/startup_stm32h743zitx.o
                                 0x8a (size before relaxing)
 .debug_str     0x0015cd11      0xa75 ./Drivers/BSP/STM32H7xx_Nucleo/stm32h7xx_nucleo.o
                             0x1552c3 (size before relaxing)
 .debug_str     0x0015d786      0x2fe ./Drivers/STM32H7xx_HAL_Driver/Src/stm32h7xx_hal_cortex.o
                             0x154301 (size before relaxing)
 .debug_str     0x0015da84      0x28b ./Drivers/STM32H7xx_HAL_Driver/Src/stm32h7xx_hal_exti.o
                             0x1537b9 (size before relaxing)
 .debug_str     0x0015dd0f       0xda ./Drivers/STM32H7xx_HAL_Driver/Src/stm32h7xx_hal_gpio.o
                             0x15395f (size before relaxing)
 .debug_str     0x0015dde9      0x25e ./Frameworks/FreeRTOS-Kernel/list.o
                               0xb380 (size before relaxing)
 .debug_str     0x0015e047      0xd42 ./Frameworks/FreeRTOS-Kernel/queue.o
                               0xdd92 (size before relaxing)
 .debug_str     0x0015ed89     0x1b26 ./Frameworks/FreeRTOS-Kernel/tasks.o
                               0xe643 (size before relaxing)
 .debug_str     0x001608af      0x794 ./Frameworks/FreeRTOS-Kernel/portable/GCC/ARM_CM7/r0p1/port.o
                               0x9bd3 (size before relaxing)
 .debug_str     0x00161043      0x5e2 ./Frameworks/FreeRTOS-Kernel/portable/MemMang/heap_4.o
                               0xcbe6 (size before relaxing)
 .debug_str     0x00161625      0x843 ./Frameworks/freertos/qf_port.o
                               0xc6b8 (size before relaxing)
 .debug_str     0x00161e68      0x26b ./Frameworks/qf/qep_hsm.o
                               0xc1c8 (size before relaxing)
 .debug_str     0x001620d3       0x2a ./Frameworks/qf/qf_act.o
                               0xc19b (size before relaxing)
 .debug_str     0x001620fd       0x9b ./Frameworks/qf/qf_dyn.o
                               0xbf71 (size before relaxing)
 .debug_str     0x00162198       0x22 ./Frameworks/qf/qf_mem.o
                               0xbe95 (size before relaxing)
 .debug_str     0x001621ba       0x93 ./Frameworks/qf/qf_ps.o
                               0xc2e7 (size before relaxing)
 .debug_str     0x0016224d       0x43 ./Frameworks/qf/qf_qact.o
                               0xc1b0 (size before relaxing)
 .debug_str     0x00162290       0x94 ./Frameworks/qf/qf_time.o
                               0xc272 (size before relaxing)

.comment        0x00000000       0x43
 .comment       0x00000000       0x43 ./Core/Src/bsp.o
                                 0x44 (size before relaxing)
 .comment       0x00000043       0x44 ./Core/Src/main.o
 .comment       0x00000043       0x44 ./Core/Src/philo.o
 .comment       0x00000043       0x44 ./Core/Src/system_stm32h7xx.o
 .comment       0x00000043       0x44 ./Core/Src/table.o
 .comment       0x00000043       0x44 ./Drivers/BSP/STM32H7xx_Nucleo/stm32h7xx_nucleo.o
 .comment       0x00000043       0x44 ./Drivers/STM32H7xx_HAL_Driver/Src/stm32h7xx_hal_cortex.o
 .comment       0x00000043       0x44 ./Drivers/STM32H7xx_HAL_Driver/Src/stm32h7xx_hal_exti.o
 .comment       0x00000043       0x44 ./Drivers/STM32H7xx_HAL_Driver/Src/stm32h7xx_hal_gpio.o
 .comment       0x00000043       0x44 ./Frameworks/FreeRTOS-Kernel/list.o
 .comment       0x00000043       0x44 ./Frameworks/FreeRTOS-Kernel/queue.o
 .comment       0x00000043       0x44 ./Frameworks/FreeRTOS-Kernel/tasks.o
 .comment       0x00000043       0x44 ./Frameworks/FreeRTOS-Kernel/portable/GCC/ARM_CM7/r0p1/port.o
 .comment       0x00000043       0x44 ./Frameworks/FreeRTOS-Kernel/portable/MemMang/heap_4.o
 .comment       0x00000043       0x44 ./Frameworks/freertos/qf_port.o
 .comment       0x00000043       0x44 ./Frameworks/qf/qep_hsm.o
 .comment       0x00000043       0x44 ./Frameworks/qf/qf_act.o
 .comment       0x00000043       0x44 ./Frameworks/qf/qf_dyn.o
 .comment       0x00000043       0x44 ./Frameworks/qf/qf_mem.o
 .comment       0x00000043       0x44 ./Frameworks/qf/qf_ps.o
 .comment       0x00000043       0x44 ./Frameworks/qf/qf_qact.o
 .comment       0x00000043       0x44 ./Frameworks/qf/qf_time.o

.debug_frame    0x00000000     0x2da0
 .debug_frame   0x00000000      0x2fc ./Core/Src/bsp.o
 .debug_frame   0x000002fc       0x2c ./Core/Src/main.o
 .debug_frame   0x00000328      0x12c ./Core/Src/philo.o
 .debug_frame   0x00000454       0x78 ./Core/Src/system_stm32h7xx.o
 .debug_frame   0x000004cc      0x140 ./Core/Src/table.o
 .debug_frame   0x0000060c      0x2dc ./Drivers/BSP/STM32H7xx_Nucleo/stm32h7xx_nucleo.o
 .debug_frame   0x000008e8      0x508 ./Drivers/STM32H7xx_HAL_Driver/Src/stm32h7xx_hal_cortex.o
 .debug_frame   0x00000df0      0x174 ./Drivers/STM32H7xx_HAL_Driver/Src/stm32h7xx_hal_exti.o
 .debug_frame   0x00000f64      0x14c ./Drivers/STM32H7xx_HAL_Driver/Src/stm32h7xx_hal_gpio.o
 .debug_frame   0x000010b0       0xd8 ./Frameworks/FreeRTOS-Kernel/list.o
 .debug_frame   0x00001188      0x5a8 ./Frameworks/FreeRTOS-Kernel/queue.o
 .debug_frame   0x00001730      0x770 ./Frameworks/FreeRTOS-Kernel/tasks.o
 .debug_frame   0x00001ea0      0x18c ./Frameworks/FreeRTOS-Kernel/portable/GCC/ARM_CM7/r0p1/port.o
 .debug_frame   0x0000202c      0x150 ./Frameworks/FreeRTOS-Kernel/portable/MemMang/heap_4.o
 .debug_frame   0x0000217c      0x37c ./Frameworks/freertos/qf_port.o
 .debug_frame   0x000024f8      0x13c ./Frameworks/qf/qep_hsm.o
 .debug_frame   0x00002634       0x60 ./Frameworks/qf/qf_act.o
 .debug_frame   0x00002694      0x1ac ./Frameworks/qf/qf_dyn.o
 .debug_frame   0x00002840       0x7c ./Frameworks/qf/qf_mem.o
 .debug_frame   0x000028bc      0x250 ./Frameworks/qf/qf_ps.o
 .debug_frame   0x00002b0c       0x7c ./Frameworks/qf/qf_qact.o
 .debug_frame   0x00002b88      0x1a4 ./Frameworks/qf/qf_time.o
 .debug_frame   0x00002d2c       0x20 C:/ST/STM32CubeIDE_1.17.0/STM32CubeIDE/plugins/com.st.stm32cube.ide.mcu.externaltools.gnu-tools-for-stm32.12.3.rel1.win32_1.1.0.202410251130/tools/bin/../lib/gcc/arm-none-eabi/12.3.1/../../../../arm-none-eabi/lib/thumb/v7e-m+dp/hard\libc_nano.a(libc_a-memset.o)
 .debug_frame   0x00002d4c       0x2c C:/ST/STM32CubeIDE_1.17.0/STM32CubeIDE/plugins/com.st.stm32cube.ide.mcu.externaltools.gnu-tools-for-stm32.12.3.rel1.win32_1.1.0.202410251130/tools/bin/../lib/gcc/arm-none-eabi/12.3.1/../../../../arm-none-eabi/lib/thumb/v7e-m+dp/hard\libc_nano.a(libc_a-init.o)
 .debug_frame   0x00002d78       0x28 C:/ST/STM32CubeIDE_1.17.0/STM32CubeIDE/plugins/com.st.stm32cube.ide.mcu.externaltools.gnu-tools-for-stm32.12.3.rel1.win32_1.1.0.202410251130/tools/bin/../lib/gcc/arm-none-eabi/12.3.1/../../../../arm-none-eabi/lib/thumb/v7e-m+dp/hard\libc_nano.a(libc_a-memcpy-stub.o)

.debug_line_str
                0x00000000       0x6e
 .debug_line_str
                0x00000000       0x6e ./Core/Startup/startup_stm32h743zitx.o
