C:/qp/qpc/include/qp.h:171:20:QEvt_verify_	24	static
C:/qp/qpc/include/qp.h:179:28:QEvt_getPoolNum_	16	static
C:/qp/qpc/include/qp.h:661:20:QPSet_notEmpty	16	static
C:/qp/qpc/include/qp.h:699:20:QPSet_remove	16	static
C:/qp/qpc/include/qp.h:715:28:QPSet_findMax	16	static
C:/qp/qpc/include/qp.h:741:20:QPSet_verify_	16	static
C:/qp/qpc/include/qp_pkg.h:77:20:QEvt_refCtr_inc_	24	static
C:/qp/qpc/include/qp_pkg.h:86:20:QEvt_refCtr_dec_	24	static
C:/qp/qpc/ports/freertos/qf_port.c:80:6:QF_init	8	static
C:/qp/qpc/ports/freertos/qf_port.c:86:7:QF_run	8	static
C:/qp/qpc/ports/freertos/qf_port.c:107:6:QF_stop	8	static
C:/qp/qpc/ports/freertos/qf_port.c:112:13:task_function	24	static
C:/qp/qpc/ports/freertos/qf_port.c:132:6:QActive_start	56	static
C:/qp/qpc/ports/freertos/qf_port.c:225:6:QActive_setAttr	24	static
C:/qp/qpc/ports/freertos/qf_port.c:244:6:QActive_post_	40	static
C:/qp/qpc/ports/freertos/qf_port.c:325:6:QActive_postLIFO_	24	static
C:/qp/qpc/ports/freertos/qf_port.c:361:13:QActive_get_	24	static
C:/qp/qpc/ports/freertos/qf_port.c:381:6:QActive_postFromISR_	72	static,ignoring_inline_asm
C:/qp/qpc/ports/freertos/qf_port.c:462:6:QActive_publishFromISR_	72	static,ignoring_inline_asm
C:/qp/qpc/ports/freertos/qf_port.c:535:6:QTimeEvt_tickFromISR_	88	static,ignoring_inline_asm
C:/qp/qpc/ports/freertos/qf_port.c:676:7:QF_newXFromISR_	64	static,ignoring_inline_asm
C:/qp/qpc/ports/freertos/qf_port.c:746:6:QF_gcFromISR	48	static,ignoring_inline_asm
C:/qp/qpc/ports/freertos/qf_port.c:800:7:QMPool_getFromISR	56	static,ignoring_inline_asm
C:/qp/qpc/ports/freertos/qf_port.c:891:6:QMPool_putFromISR	56	static,ignoring_inline_asm
